<?xml version="1.0"?>
<link_info>
   <banner>MSP430 Linker PC v16.9.6.LTS</banner>
   <copyright>Copyright (c) 2003-2017 Texas Instruments Incorporated</copyright>
   <link_time>0x5ab3d329</link_time>
   <link_errors>0x0</link_errors>
   <output_file>OutOfBox_MSP430FR5969.out</output_file>
   <entry_point>
      <name>_c_int00_noargs_noexit</name>
      <address>0x5990</address>
   </entry_point>
   <input_file_list>
      <input_file id="fl-2">
         <path>.\</path>
         <kind>object</kind>
         <file>FRAMLogMode.obj</file>
         <name>FRAMLogMode.obj</name>
      </input_file>
      <input_file id="fl-3">
         <path>.\</path>
         <kind>object</kind>
         <file>LiveTempMode.obj</file>
         <name>LiveTempMode.obj</name>
      </input_file>
      <input_file id="fl-4">
         <path>.\</path>
         <kind>object</kind>
         <file>main.obj</file>
         <name>main.obj</name>
      </input_file>
      <input_file id="fl-5">
         <path>.\driverlib\MSP430FR5xx_6xx\</path>
         <kind>object</kind>
         <file>adc12_b.obj</file>
         <name>adc12_b.obj</name>
      </input_file>
      <input_file id="fl-6">
         <path>.\driverlib\MSP430FR5xx_6xx\</path>
         <kind>object</kind>
         <file>aes256.obj</file>
         <name>aes256.obj</name>
      </input_file>
      <input_file id="fl-7">
         <path>.\driverlib\MSP430FR5xx_6xx\</path>
         <kind>object</kind>
         <file>comp_e.obj</file>
         <name>comp_e.obj</name>
      </input_file>
      <input_file id="fl-8">
         <path>.\driverlib\MSP430FR5xx_6xx\</path>
         <kind>object</kind>
         <file>crc.obj</file>
         <name>crc.obj</name>
      </input_file>
      <input_file id="fl-9">
         <path>.\driverlib\MSP430FR5xx_6xx\</path>
         <kind>object</kind>
         <file>crc32.obj</file>
         <name>crc32.obj</name>
      </input_file>
      <input_file id="fl-a">
         <path>.\driverlib\MSP430FR5xx_6xx\</path>
         <kind>object</kind>
         <file>cs.obj</file>
         <name>cs.obj</name>
      </input_file>
      <input_file id="fl-b">
         <path>.\driverlib\MSP430FR5xx_6xx\</path>
         <kind>object</kind>
         <file>dma.obj</file>
         <name>dma.obj</name>
      </input_file>
      <input_file id="fl-c">
         <path>.\driverlib\MSP430FR5xx_6xx\</path>
         <kind>object</kind>
         <file>esi.obj</file>
         <name>esi.obj</name>
      </input_file>
      <input_file id="fl-d">
         <path>.\driverlib\MSP430FR5xx_6xx\</path>
         <kind>object</kind>
         <file>eusci_a_spi.obj</file>
         <name>eusci_a_spi.obj</name>
      </input_file>
      <input_file id="fl-e">
         <path>.\driverlib\MSP430FR5xx_6xx\</path>
         <kind>object</kind>
         <file>eusci_a_uart.obj</file>
         <name>eusci_a_uart.obj</name>
      </input_file>
      <input_file id="fl-f">
         <path>.\driverlib\MSP430FR5xx_6xx\</path>
         <kind>object</kind>
         <file>eusci_b_i2c.obj</file>
         <name>eusci_b_i2c.obj</name>
      </input_file>
      <input_file id="fl-10">
         <path>.\driverlib\MSP430FR5xx_6xx\</path>
         <kind>object</kind>
         <file>eusci_b_spi.obj</file>
         <name>eusci_b_spi.obj</name>
      </input_file>
      <input_file id="fl-11">
         <path>.\driverlib\MSP430FR5xx_6xx\</path>
         <kind>object</kind>
         <file>framctl.obj</file>
         <name>framctl.obj</name>
      </input_file>
      <input_file id="fl-12">
         <path>.\driverlib\MSP430FR5xx_6xx\</path>
         <kind>object</kind>
         <file>gpio.obj</file>
         <name>gpio.obj</name>
      </input_file>
      <input_file id="fl-13">
         <path>.\driverlib\MSP430FR5xx_6xx\</path>
         <kind>object</kind>
         <file>lcd_c.obj</file>
         <name>lcd_c.obj</name>
      </input_file>
      <input_file id="fl-14">
         <path>.\driverlib\MSP430FR5xx_6xx\</path>
         <kind>object</kind>
         <file>mpu.obj</file>
         <name>mpu.obj</name>
      </input_file>
      <input_file id="fl-15">
         <path>.\driverlib\MSP430FR5xx_6xx\</path>
         <kind>object</kind>
         <file>mpy32.obj</file>
         <name>mpy32.obj</name>
      </input_file>
      <input_file id="fl-16">
         <path>.\driverlib\MSP430FR5xx_6xx\</path>
         <kind>object</kind>
         <file>pmm.obj</file>
         <name>pmm.obj</name>
      </input_file>
      <input_file id="fl-17">
         <path>.\driverlib\MSP430FR5xx_6xx\</path>
         <kind>object</kind>
         <file>ram.obj</file>
         <name>ram.obj</name>
      </input_file>
      <input_file id="fl-18">
         <path>.\driverlib\MSP430FR5xx_6xx\</path>
         <kind>object</kind>
         <file>ref_a.obj</file>
         <name>ref_a.obj</name>
      </input_file>
      <input_file id="fl-19">
         <path>.\driverlib\MSP430FR5xx_6xx\</path>
         <kind>object</kind>
         <file>rtc_b.obj</file>
         <name>rtc_b.obj</name>
      </input_file>
      <input_file id="fl-1a">
         <path>.\driverlib\MSP430FR5xx_6xx\</path>
         <kind>object</kind>
         <file>rtc_c.obj</file>
         <name>rtc_c.obj</name>
      </input_file>
      <input_file id="fl-1b">
         <path>.\driverlib\MSP430FR5xx_6xx\</path>
         <kind>object</kind>
         <file>sfr.obj</file>
         <name>sfr.obj</name>
      </input_file>
      <input_file id="fl-1c">
         <path>.\driverlib\MSP430FR5xx_6xx\</path>
         <kind>object</kind>
         <file>sysctl.obj</file>
         <name>sysctl.obj</name>
      </input_file>
      <input_file id="fl-1d">
         <path>.\driverlib\MSP430FR5xx_6xx\</path>
         <kind>object</kind>
         <file>timer_a.obj</file>
         <name>timer_a.obj</name>
      </input_file>
      <input_file id="fl-1e">
         <path>.\driverlib\MSP430FR5xx_6xx\</path>
         <kind>object</kind>
         <file>timer_b.obj</file>
         <name>timer_b.obj</name>
      </input_file>
      <input_file id="fl-1f">
         <path>.\driverlib\MSP430FR5xx_6xx\</path>
         <kind>object</kind>
         <file>tlv.obj</file>
         <name>tlv.obj</name>
      </input_file>
      <input_file id="fl-20">
         <path>.\driverlib\MSP430FR5xx_6xx\</path>
         <kind>object</kind>
         <file>wdt_a.obj</file>
         <name>wdt_a.obj</name>
      </input_file>
      <input_file id="fl-27">
         <kind>object</kind>
         <file>&lt;internal&gt;</file>
         <name>&lt;internal&gt;</name>
      </input_file>
      <input_file id="fl-47">
         <path>C:\ti\ccsv7\tools\compiler\ti-cgt-msp430_16.9.6.LTS\lib\</path>
         <kind>archive</kind>
         <file>rts430x_lc_rd_eabi.lib</file>
         <name>copy_decompress_lzss.obj</name>
      </input_file>
      <input_file id="fl-48">
         <path>C:\ti\ccsv7\tools\compiler\ti-cgt-msp430_16.9.6.LTS\lib\</path>
         <kind>archive</kind>
         <file>rts430x_lc_rd_eabi.lib</file>
         <name>copy_decompress_none.obj</name>
      </input_file>
      <input_file id="fl-49">
         <path>C:\ti\ccsv7\tools\compiler\ti-cgt-msp430_16.9.6.LTS\lib\</path>
         <kind>archive</kind>
         <file>rts430x_lc_rd_eabi.lib</file>
         <name>int30.obj</name>
      </input_file>
      <input_file id="fl-4a">
         <path>C:\ti\ccsv7\tools\compiler\ti-cgt-msp430_16.9.6.LTS\lib\</path>
         <kind>archive</kind>
         <file>rts430x_lc_rd_eabi.lib</file>
         <name>isr_trap.obj</name>
      </input_file>
      <input_file id="fl-4b">
         <path>C:\ti\ccsv7\tools\compiler\ti-cgt-msp430_16.9.6.LTS\lib\</path>
         <kind>archive</kind>
         <file>rts430x_lc_rd_eabi.lib</file>
         <name>int31.obj</name>
      </input_file>
      <input_file id="fl-4c">
         <path>C:\ti\ccsv7\tools\compiler\ti-cgt-msp430_16.9.6.LTS\lib\</path>
         <kind>archive</kind>
         <file>rts430x_lc_rd_eabi.lib</file>
         <name>int32.obj</name>
      </input_file>
      <input_file id="fl-4d">
         <path>C:\ti\ccsv7\tools\compiler\ti-cgt-msp430_16.9.6.LTS\lib\</path>
         <kind>archive</kind>
         <file>rts430x_lc_rd_eabi.lib</file>
         <name>int33.obj</name>
      </input_file>
      <input_file id="fl-4e">
         <path>C:\ti\ccsv7\tools\compiler\ti-cgt-msp430_16.9.6.LTS\lib\</path>
         <kind>archive</kind>
         <file>rts430x_lc_rd_eabi.lib</file>
         <name>int34.obj</name>
      </input_file>
      <input_file id="fl-4f">
         <path>C:\ti\ccsv7\tools\compiler\ti-cgt-msp430_16.9.6.LTS\lib\</path>
         <kind>archive</kind>
         <file>rts430x_lc_rd_eabi.lib</file>
         <name>int35.obj</name>
      </input_file>
      <input_file id="fl-50">
         <path>C:\ti\ccsv7\tools\compiler\ti-cgt-msp430_16.9.6.LTS\lib\</path>
         <kind>archive</kind>
         <file>rts430x_lc_rd_eabi.lib</file>
         <name>int36.obj</name>
      </input_file>
      <input_file id="fl-51">
         <path>C:\ti\ccsv7\tools\compiler\ti-cgt-msp430_16.9.6.LTS\lib\</path>
         <kind>archive</kind>
         <file>rts430x_lc_rd_eabi.lib</file>
         <name>int37.obj</name>
      </input_file>
      <input_file id="fl-52">
         <path>C:\ti\ccsv7\tools\compiler\ti-cgt-msp430_16.9.6.LTS\lib\</path>
         <kind>archive</kind>
         <file>rts430x_lc_rd_eabi.lib</file>
         <name>int38.obj</name>
      </input_file>
      <input_file id="fl-53">
         <path>C:\ti\ccsv7\tools\compiler\ti-cgt-msp430_16.9.6.LTS\lib\</path>
         <kind>archive</kind>
         <file>rts430x_lc_rd_eabi.lib</file>
         <name>int40.obj</name>
      </input_file>
      <input_file id="fl-54">
         <path>C:\ti\ccsv7\tools\compiler\ti-cgt-msp430_16.9.6.LTS\lib\</path>
         <kind>archive</kind>
         <file>rts430x_lc_rd_eabi.lib</file>
         <name>int41.obj</name>
      </input_file>
      <input_file id="fl-55">
         <path>C:\ti\ccsv7\tools\compiler\ti-cgt-msp430_16.9.6.LTS\lib\</path>
         <kind>archive</kind>
         <file>rts430x_lc_rd_eabi.lib</file>
         <name>int42.obj</name>
      </input_file>
      <input_file id="fl-56">
         <path>C:\ti\ccsv7\tools\compiler\ti-cgt-msp430_16.9.6.LTS\lib\</path>
         <kind>archive</kind>
         <file>rts430x_lc_rd_eabi.lib</file>
         <name>int43.obj</name>
      </input_file>
      <input_file id="fl-57">
         <path>C:\ti\ccsv7\tools\compiler\ti-cgt-msp430_16.9.6.LTS\lib\</path>
         <kind>archive</kind>
         <file>rts430x_lc_rd_eabi.lib</file>
         <name>int44.obj</name>
      </input_file>
      <input_file id="fl-58">
         <path>C:\ti\ccsv7\tools\compiler\ti-cgt-msp430_16.9.6.LTS\lib\</path>
         <kind>archive</kind>
         <file>rts430x_lc_rd_eabi.lib</file>
         <name>int47.obj</name>
      </input_file>
      <input_file id="fl-59">
         <path>C:\ti\ccsv7\tools\compiler\ti-cgt-msp430_16.9.6.LTS\lib\</path>
         <kind>archive</kind>
         <file>rts430x_lc_rd_eabi.lib</file>
         <name>int49.obj</name>
      </input_file>
      <input_file id="fl-5a">
         <path>C:\ti\ccsv7\tools\compiler\ti-cgt-msp430_16.9.6.LTS\lib\</path>
         <kind>archive</kind>
         <file>rts430x_lc_rd_eabi.lib</file>
         <name>int50.obj</name>
      </input_file>
      <input_file id="fl-5b">
         <path>C:\ti\ccsv7\tools\compiler\ti-cgt-msp430_16.9.6.LTS\lib\</path>
         <kind>archive</kind>
         <file>rts430x_lc_rd_eabi.lib</file>
         <name>int51.obj</name>
      </input_file>
      <input_file id="fl-5c">
         <path>C:\ti\ccsv7\tools\compiler\ti-cgt-msp430_16.9.6.LTS\lib\</path>
         <kind>archive</kind>
         <file>rts430x_lc_rd_eabi.lib</file>
         <name>int52.obj</name>
      </input_file>
      <input_file id="fl-5d">
         <path>C:\ti\ccsv7\tools\compiler\ti-cgt-msp430_16.9.6.LTS\lib\</path>
         <kind>archive</kind>
         <file>rts430x_lc_rd_eabi.lib</file>
         <name>int53.obj</name>
      </input_file>
      <input_file id="fl-5e">
         <path>C:\ti\ccsv7\tools\compiler\ti-cgt-msp430_16.9.6.LTS\lib\</path>
         <kind>archive</kind>
         <file>rts430x_lc_rd_eabi.lib</file>
         <name>int54.obj</name>
      </input_file>
      <input_file id="fl-5f">
         <path>C:\ti\ccsv7\tools\compiler\ti-cgt-msp430_16.9.6.LTS\lib\</path>
         <kind>archive</kind>
         <file>rts430x_lc_rd_eabi.lib</file>
         <name>copy_zero_init.obj</name>
      </input_file>
      <input_file id="fl-60">
         <path>C:\ti\ccsv7\tools\compiler\ti-cgt-msp430_16.9.6.LTS\lib\</path>
         <kind>archive</kind>
         <file>rts430x_lc_rd_eabi.lib</file>
         <name>div16s.obj</name>
      </input_file>
      <input_file id="fl-61">
         <path>C:\ti\ccsv7\tools\compiler\ti-cgt-msp430_16.9.6.LTS\lib\</path>
         <kind>archive</kind>
         <file>rts430x_lc_rd_eabi.lib</file>
         <name>div32s.obj</name>
      </input_file>
      <input_file id="fl-62">
         <path>C:\ti\ccsv7\tools\compiler\ti-cgt-msp430_16.9.6.LTS\lib\</path>
         <kind>archive</kind>
         <file>rts430x_lc_rd_eabi.lib</file>
         <name>div16u.obj</name>
      </input_file>
      <input_file id="fl-63">
         <path>C:\ti\ccsv7\tools\compiler\ti-cgt-msp430_16.9.6.LTS\lib\</path>
         <kind>archive</kind>
         <file>rts430x_lc_rd_eabi.lib</file>
         <name>div32u.obj</name>
      </input_file>
      <input_file id="fl-64">
         <path>C:\ti\ccsv7\tools\compiler\ti-cgt-msp430_16.9.6.LTS\lib\</path>
         <kind>archive</kind>
         <file>rts430x_lc_rd_eabi.lib</file>
         <name>mult16_f5hw.obj</name>
      </input_file>
      <input_file id="fl-65">
         <path>C:\ti\ccsv7\tools\compiler\ti-cgt-msp430_16.9.6.LTS\lib\</path>
         <kind>archive</kind>
         <file>rts430x_lc_rd_eabi.lib</file>
         <name>mult32_f5hw.obj</name>
      </input_file>
      <input_file id="fl-66">
         <path>C:\ti\ccsv7\tools\compiler\ti-cgt-msp430_16.9.6.LTS\lib\</path>
         <kind>archive</kind>
         <file>rts430x_lc_rd_eabi.lib</file>
         <name>mult64_f5hw.obj</name>
      </input_file>
      <input_file id="fl-67">
         <path>C:\ti\ccsv7\tools\compiler\ti-cgt-msp430_16.9.6.LTS\lib\</path>
         <kind>archive</kind>
         <file>rts430x_lc_rd_eabi.lib</file>
         <name>mult1632_f5hw.obj</name>
      </input_file>
      <input_file id="fl-68">
         <path>C:\ti\ccsv7\tools\compiler\ti-cgt-msp430_16.9.6.LTS\lib\</path>
         <kind>archive</kind>
         <file>rts430x_lc_rd_eabi.lib</file>
         <name>mult3264_f5hw.obj</name>
      </input_file>
      <input_file id="fl-69">
         <path>C:\ti\ccsv7\tools\compiler\ti-cgt-msp430_16.9.6.LTS\lib\</path>
         <kind>archive</kind>
         <file>rts430x_lc_rd_eabi.lib</file>
         <name>lsl16.obj</name>
      </input_file>
      <input_file id="fl-6a">
         <path>C:\ti\ccsv7\tools\compiler\ti-cgt-msp430_16.9.6.LTS\lib\</path>
         <kind>archive</kind>
         <file>rts430x_lc_rd_eabi.lib</file>
         <name>boot.obj</name>
      </input_file>
      <input_file id="fl-6b">
         <path>C:\ti\ccsv7\tools\compiler\ti-cgt-msp430_16.9.6.LTS\lib\</path>
         <kind>archive</kind>
         <file>rts430x_lc_rd_eabi.lib</file>
         <name>args_main.obj</name>
      </input_file>
      <input_file id="fl-6c">
         <path>C:\ti\ccsv7\tools\compiler\ti-cgt-msp430_16.9.6.LTS\lib\</path>
         <kind>archive</kind>
         <file>rts430x_lc_rd_eabi.lib</file>
         <name>autoinit_wdt.obj</name>
      </input_file>
      <input_file id="fl-6d">
         <path>C:\ti\ccsv7\tools\compiler\ti-cgt-msp430_16.9.6.LTS\lib\</path>
         <kind>archive</kind>
         <file>rts430x_lc_rd_eabi.lib</file>
         <name>boot_special.obj</name>
      </input_file>
      <input_file id="fl-6e">
         <path>C:\ti\ccsv7\ccs_base\msp430\lib\FR59xx\</path>
         <kind>archive</kind>
         <file>MSPMPU_INIT_LIB_CCS_msp430_large_code_restricted_data.lib</file>
         <name>mpu_init.o</name>
      </input_file>
      <input_file id="fl-6f">
         <path>C:\ti\ccsv7\tools\compiler\ti-cgt-msp430_16.9.6.LTS\lib\</path>
         <kind>archive</kind>
         <file>rts430x_lc_rd_eabi.lib</file>
         <name>startup.obj</name>
      </input_file>
      <input_file id="fl-70">
         <path>C:\ti\ccsv7\tools\compiler\ti-cgt-msp430_16.9.6.LTS\lib\</path>
         <kind>archive</kind>
         <file>rts430x_lc_rd_eabi.lib</file>
         <name>exit.obj</name>
      </input_file>
      <input_file id="fl-71">
         <path>C:\ti\ccsv7\tools\compiler\ti-cgt-msp430_16.9.6.LTS\lib\</path>
         <kind>archive</kind>
         <file>rts430x_lc_rd_eabi.lib</file>
         <name>exit_gvars.obj</name>
      </input_file>
      <input_file id="fl-72">
         <path>C:\ti\ccsv7\tools\compiler\ti-cgt-msp430_16.9.6.LTS\lib\</path>
         <kind>archive</kind>
         <file>rts430x_lc_rd_eabi.lib</file>
         <name>_lock.obj</name>
      </input_file>
      <input_file id="fl-73">
         <path>C:\ti\ccsv7\tools\compiler\ti-cgt-msp430_16.9.6.LTS\lib\</path>
         <kind>archive</kind>
         <file>rts430x_lc_rd_eabi.lib</file>
         <name>cpy_tbl.obj</name>
      </input_file>
      <input_file id="fl-74">
         <path>C:\ti\ccsv7\tools\compiler\ti-cgt-msp430_16.9.6.LTS\lib\</path>
         <kind>archive</kind>
         <file>rts430x_lc_rd_eabi.lib</file>
         <name>mult16.obj</name>
      </input_file>
      <input_file id="fl-75">
         <path>C:\ti\ccsv7\tools\compiler\ti-cgt-msp430_16.9.6.LTS\lib\</path>
         <kind>archive</kind>
         <file>rts430x_lc_rd_eabi.lib</file>
         <name>memcpy.obj</name>
      </input_file>
   </input_file_list>
   <object_component_list>
      <object_component id="oc-756">
         <name>__TI_handler_table</name>
         <load_address>0x4400</load_address>
         <run_address>0x4400</run_address>
         <size>0xc</size>
      </object_component>
      <object_component id="oc-759">
         <name>.cinit..data.load</name>
         <load_address>0x440c</load_address>
         <run_address>0x440c</run_address>
         <size>0xa</size>
      </object_component>
      <object_component id="oc-758">
         <name>.cinit..bss.load</name>
         <load_address>0x4416</load_address>
         <run_address>0x4416</run_address>
         <size>0x6</size>
      </object_component>
      <object_component id="oc-757">
         <name>__TI_cinit_table</name>
         <load_address>0x441c</load_address>
         <run_address>0x441c</run_address>
         <size>0x10</size>
      </object_component>
      <object_component id="oc-578">
         <name>.const:GPIO_PORT_TO_BASE</name>
         <load_address>0x442c</load_address>
         <run_address>0x442c</run_address>
         <size>0x1c</size>
         <input_file_ref idref="fl-12"/>
      </object_component>
      <object_component id="oc-640">
         <name>.const:$P$T0$1</name>
         <load_address>0x4448</load_address>
         <run_address>0x4448</run_address>
         <size>0x10</size>
         <input_file_ref idref="fl-4"/>
      </object_component>
      <object_component id="oc-5e1">
         <name>.const:$P$T2$3</name>
         <load_address>0x4458</load_address>
         <run_address>0x4458</run_address>
         <size>0xe</size>
         <input_file_ref idref="fl-2"/>
      </object_component>
      <object_component id="oc-686">
         <name>.const:$P$T2$3</name>
         <load_address>0x4466</load_address>
         <run_address>0x4466</run_address>
         <size>0xe</size>
         <input_file_ref idref="fl-3"/>
      </object_component>
      <object_component id="oc-59f">
         <name>.const:$P$T0$1</name>
         <load_address>0x4474</load_address>
         <run_address>0x4474</run_address>
         <size>0xa</size>
         <input_file_ref idref="fl-2"/>
      </object_component>
      <object_component id="oc-680">
         <name>.const:$P$T0$1</name>
         <load_address>0x447e</load_address>
         <run_address>0x447e</run_address>
         <size>0xa</size>
         <input_file_ref idref="fl-3"/>
      </object_component>
      <object_component id="oc-5b4">
         <name>.const:$P$T1$2</name>
         <load_address>0x4488</load_address>
         <run_address>0x4488</run_address>
         <size>0xa</size>
         <input_file_ref idref="fl-2"/>
      </object_component>
      <object_component id="oc-683">
         <name>.const:$P$T1$2</name>
         <load_address>0x4492</load_address>
         <run_address>0x4492</run_address>
         <size>0xa</size>
         <input_file_ref idref="fl-3"/>
      </object_component>
      <object_component id="oc-4dc">
         <name>.text:framLog</name>
         <load_address>0x4800</load_address>
         <run_address>0x4800</run_address>
         <size>0x226</size>
         <input_file_ref idref="fl-2"/>
      </object_component>
      <object_component id="oc-521">
         <name>.text:liveTemp</name>
         <load_address>0x4a26</load_address>
         <run_address>0x4a26</run_address>
         <size>0x1a2</size>
         <input_file_ref idref="fl-3"/>
      </object_component>
      <object_component id="oc-457">
         <name>.text:main</name>
         <load_address>0x4bc8</load_address>
         <run_address>0x4bc8</run_address>
         <size>0x158</size>
         <input_file_ref idref="fl-4"/>
      </object_component>
      <object_component id="oc-51b">
         <name>.text:transmitFRAMData</name>
         <load_address>0x4d20</load_address>
         <run_address>0x4d20</run_address>
         <size>0xfe</size>
         <input_file_ref idref="fl-2"/>
      </object_component>
      <object_component id="oc-643">
         <name>.text:EUSCI_A_UART_init</name>
         <load_address>0x4e1e</load_address>
         <run_address>0x4e1e</run_address>
         <size>0x9a</size>
         <input_file_ref idref="fl-e"/>
      </object_component>
      <object_component id="oc-5a2">
         <name>.text:ADC12_B_init</name>
         <load_address>0x4eb8</load_address>
         <run_address>0x4eb8</run_address>
         <size>0x98</size>
         <input_file_ref idref="fl-5"/>
      </object_component>
      <object_component id="oc-4c4">
         <name>.text:Init_GPIO</name>
         <load_address>0x4f50</load_address>
         <run_address>0x4f50</run_address>
         <size>0x96</size>
         <input_file_ref idref="fl-4"/>
      </object_component>
      <object_component id="oc-43d">
         <name>.text:_auto_init_hold_wdt</name>
         <load_address>0x4fe6</load_address>
         <run_address>0x4fe6</run_address>
         <size>0x82</size>
         <input_file_ref idref="fl-6c"/>
      </object_component>
      <object_component id="oc-5e4">
         <name>.text:Timer_A_initUpMode</name>
         <load_address>0x5068</load_address>
         <run_address>0x5068</run_address>
         <size>0x7c</size>
         <input_file_ref idref="fl-1d"/>
      </object_component>
      <object_component id="oc-6a">
         <name>.text:decompress:lzss:__TI_decompress_lzss</name>
         <load_address>0x50e4</load_address>
         <run_address>0x50e4</run_address>
         <size>0x76</size>
         <input_file_ref idref="fl-47"/>
      </object_component>
      <object_component id="oc-56b">
         <name>.text:GPIO_setAsPeripheralModuleFunctionInputPin</name>
         <load_address>0x515a</load_address>
         <run_address>0x515a</run_address>
         <size>0x72</size>
         <input_file_ref idref="fl-12"/>
      </object_component>
      <object_component id="oc-661">
         <name>.text:GPIO_setAsPeripheralModuleFunctionOutputPin</name>
         <load_address>0x51cc</load_address>
         <run_address>0x51cc</run_address>
         <size>0x72</size>
         <input_file_ref idref="fl-12"/>
      </object_component>
      <object_component id="oc-4ee">
         <name>.text:Init_UART</name>
         <load_address>0x523e</load_address>
         <run_address>0x523e</run_address>
         <size>0x72</size>
         <input_file_ref idref="fl-4"/>
      </object_component>
      <object_component id="oc-50f">
         <name>.text:sendCalibrationConstants</name>
         <load_address>0x52b0</load_address>
         <run_address>0x52b0</run_address>
         <size>0x70</size>
         <input_file_ref idref="fl-4"/>
      </object_component>
      <object_component id="oc-580">
         <name>.text:RTC_B_initCalendar</name>
         <load_address>0x5320</load_address>
         <run_address>0x5320</run_address>
         <size>0x68</size>
         <input_file_ref idref="fl-19"/>
      </object_component>
      <object_component id="oc-633">
         <name>.text:CS_initClockSignal</name>
         <load_address>0x5388</load_address>
         <run_address>0x5388</run_address>
         <size>0x66</size>
         <input_file_ref idref="fl-a"/>
      </object_component>
      <object_component id="oc-49d">
         <name>.text:copy_in</name>
         <load_address>0x53ee</load_address>
         <run_address>0x53ee</run_address>
         <size>0x64</size>
         <input_file_ref idref="fl-73"/>
      </object_component>
      <object_component id="oc-4d6">
         <name>.text:Init_RTC</name>
         <load_address>0x5452</load_address>
         <run_address>0x5452</run_address>
         <size>0x60</size>
         <input_file_ref idref="fl-4"/>
      </object_component>
      <object_component id="oc-515">
         <name>.text:sendTimeStamp</name>
         <load_address>0x54b2</load_address>
         <run_address>0x54b2</run_address>
         <size>0x52</size>
         <input_file_ref idref="fl-4"/>
      </object_component>
      <object_component id="oc-5b7">
         <name>.text:ADC12_B_configureMemory</name>
         <load_address>0x5504</load_address>
         <run_address>0x5504</run_address>
         <size>0x4c</size>
         <input_file_ref idref="fl-5"/>
      </object_component>
      <object_component id="oc-609">
         <name>.text:GPIO_setAsInputPinWithPullUpResistor</name>
         <load_address>0x5550</load_address>
         <run_address>0x5550</run_address>
         <size>0x4a</size>
         <input_file_ref idref="fl-12"/>
      </object_component>
      <object_component id="oc-4e8">
         <name>.text:Init_Clock</name>
         <load_address>0x559a</load_address>
         <run_address>0x559a</run_address>
         <size>0x42</size>
         <input_file_ref idref="fl-4"/>
      </object_component>
      <object_component id="oc-4f4">
         <name>.text:sendAckToPC</name>
         <load_address>0x55dc</load_address>
         <run_address>0x55dc</run_address>
         <size>0x42</size>
         <input_file_ref idref="fl-4"/>
      </object_component>
      <object_component id="oc-5f0">
         <name>.text:ADC12_B_startConversion</name>
         <load_address>0x561e</load_address>
         <run_address>0x561e</run_address>
         <size>0x3e</size>
         <input_file_ref idref="fl-5"/>
      </object_component>
      <object_component id="oc-639">
         <name>.text:CS_turnOnLFXT</name>
         <load_address>0x565c</load_address>
         <run_address>0x565c</run_address>
         <size>0x3a</size>
         <input_file_ref idref="fl-a"/>
      </object_component>
      <object_component id="oc-565">
         <name>.text:GPIO_setAsOutputPin</name>
         <load_address>0x5696</load_address>
         <run_address>0x5696</run_address>
         <size>0x34</size>
         <input_file_ref idref="fl-12"/>
      </object_component>
      <object_component id="oc-4fa">
         <name>.text:storeTimeStamp</name>
         <load_address>0x56ca</load_address>
         <run_address>0x56ca</run_address>
         <size>0x34</size>
         <input_file_ref idref="fl-2"/>
      </object_component>
      <object_component id="oc-509">
         <name>.text:enterLPM35</name>
         <load_address>0x56fe</load_address>
         <run_address>0x56fe</run_address>
         <size>0x32</size>
         <input_file_ref idref="fl-4"/>
      </object_component>
      <object_component id="oc-603">
         <name>.text:GPIO_selectInterruptEdge</name>
         <load_address>0x5730</load_address>
         <run_address>0x5730</run_address>
         <size>0x2e</size>
         <input_file_ref idref="fl-12"/>
      </object_component>
      <object_component id="oc-592">
         <name>.text:RTC_B_enableInterrupt</name>
         <load_address>0x575e</load_address>
         <run_address>0x575e</run_address>
         <size>0x2e</size>
         <input_file_ref idref="fl-19"/>
      </object_component>
      <object_component id="oc-58c">
         <name>.text:RTC_B_clearInterrupt</name>
         <load_address>0x578c</load_address>
         <run_address>0x578c</run_address>
         <size>0x2c</size>
         <input_file_ref idref="fl-19"/>
      </object_component>
      <object_component id="oc-42a">
         <name>.text:_isr:USCI_A0_ISR</name>
         <load_address>0x57b8</load_address>
         <run_address>0x57b8</run_address>
         <size>0x2c</size>
         <input_file_ref idref="fl-4"/>
      </object_component>
      <object_component id="oc-424">
         <name>.text:_isr:ADC12_ISR</name>
         <load_address>0x57e4</load_address>
         <run_address>0x57e4</run_address>
         <size>0x2a</size>
         <input_file_ref idref="fl-4"/>
      </object_component>
      <object_component id="oc-5ae">
         <name>.text:ADC12_B_setupSamplingTimer</name>
         <load_address>0x580e</load_address>
         <run_address>0x580e</run_address>
         <size>0x26</size>
         <input_file_ref idref="fl-5"/>
      </object_component>
      <object_component id="oc-5c3">
         <name>.text:ADC12_B_enableInterrupt</name>
         <load_address>0x5834</load_address>
         <run_address>0x5834</run_address>
         <size>0x24</size>
         <input_file_ref idref="fl-5"/>
      </object_component>
      <object_component id="oc-8f">
         <name>.text:decompress:ZI:__TI_zero_init</name>
         <load_address>0x5858</load_address>
         <run_address>0x5858</run_address>
         <size>0x24</size>
         <input_file_ref idref="fl-5f"/>
      </object_component>
      <object_component id="oc-655">
         <name>.text:EUSCI_A_UART_enableInterrupt</name>
         <load_address>0x587c</load_address>
         <run_address>0x587c</run_address>
         <size>0x22</size>
         <input_file_ref idref="fl-e"/>
      </object_component>
      <object_component id="oc-667">
         <name>.text:EUSCI_A_UART_transmitData</name>
         <load_address>0x589e</load_address>
         <run_address>0x589e</run_address>
         <size>0x22</size>
         <input_file_ref idref="fl-e"/>
      </object_component>
      <object_component id="oc-488">
         <name>.text:EUSCI_A_UART_receiveData</name>
         <load_address>0x58c0</load_address>
         <run_address>0x58c0</run_address>
         <size>0x20</size>
         <input_file_ref idref="fl-e"/>
      </object_component>
      <object_component id="oc-496">
         <name>.text:WDT_A_hold</name>
         <load_address>0x58e0</load_address>
         <run_address>0x58e0</run_address>
         <size>0x20</size>
         <input_file_ref idref="fl-20"/>
      </object_component>
      <object_component id="oc-4e2">
         <name>.text:GPIO_clearInterrupt</name>
         <load_address>0x5900</load_address>
         <run_address>0x5900</run_address>
         <size>0x1e</size>
         <input_file_ref idref="fl-12"/>
      </object_component>
      <object_component id="oc-60f">
         <name>.text:GPIO_enableInterrupt</name>
         <load_address>0x591e</load_address>
         <run_address>0x591e</run_address>
         <size>0x1e</size>
         <input_file_ref idref="fl-12"/>
      </object_component>
      <object_component id="oc-4ca">
         <name>.text:GPIO_setOutputHighOnPin</name>
         <load_address>0x593c</load_address>
         <run_address>0x593c</run_address>
         <size>0x1c</size>
         <input_file_ref idref="fl-12"/>
      </object_component>
      <object_component id="oc-503">
         <name>.text:GPIO_setOutputLowOnPin</name>
         <load_address>0x5958</load_address>
         <run_address>0x5958</run_address>
         <size>0x1c</size>
         <input_file_ref idref="fl-12"/>
      </object_component>
      <object_component id="oc-4d0">
         <name>.text:GPIO_toggleOutputOnPin</name>
         <load_address>0x5974</load_address>
         <run_address>0x5974</run_address>
         <size>0x1c</size>
         <input_file_ref idref="fl-12"/>
      </object_component>
      <object_component id="oc-ad">
         <name>.text:_isr:_c_int00_noargs_noexit</name>
         <load_address>0x5990</load_address>
         <run_address>0x5990</run_address>
         <size>0x1a</size>
         <input_file_ref idref="fl-6d"/>
      </object_component>
      <object_component id="oc-536">
         <name>.text</name>
         <load_address>0x59aa</load_address>
         <run_address>0x59aa</run_address>
         <size>0x18</size>
         <input_file_ref idref="fl-64"/>
      </object_component>
      <object_component id="oc-5bd">
         <name>.text:ADC12_B_clearInterrupt</name>
         <load_address>0x59c2</load_address>
         <run_address>0x59c2</run_address>
         <size>0x14</size>
         <input_file_ref idref="fl-5"/>
      </object_component>
      <object_component id="oc-406">
         <name>.text:memcpy</name>
         <load_address>0x59d6</load_address>
         <run_address>0x59d6</run_address>
         <size>0x14</size>
         <input_file_ref idref="fl-75"/>
      </object_component>
      <object_component id="oc-627">
         <name>.text:CS_setDCOFreq</name>
         <load_address>0x59ea</load_address>
         <run_address>0x59ea</run_address>
         <size>0x12</size>
         <input_file_ref idref="fl-a"/>
      </object_component>
      <object_component id="oc-62d">
         <name>.text:CS_setExternalClockSource</name>
         <load_address>0x59fc</load_address>
         <run_address>0x59fc</run_address>
         <size>0x12</size>
         <input_file_ref idref="fl-a"/>
      </object_component>
      <object_component id="oc-615">
         <name>.text:PMM_turnOffRegulator</name>
         <load_address>0x5a0e</load_address>
         <run_address>0x5a0e</run_address>
         <size>0x12</size>
         <input_file_ref idref="fl-16"/>
      </object_component>
      <object_component id="oc-418">
         <name>.text:_isr:Port_1</name>
         <load_address>0x5a20</load_address>
         <run_address>0x5a20</run_address>
         <size>0x12</size>
         <input_file_ref idref="fl-4"/>
      </object_component>
      <object_component id="oc-70">
         <name>.text:decompress:none:__TI_decompress_none</name>
         <load_address>0x5a32</load_address>
         <run_address>0x5a32</run_address>
         <size>0x12</size>
         <input_file_ref idref="fl-48"/>
      </object_component>
      <object_component id="oc-64f">
         <name>.text:EUSCI_A_UART_clearInterrupt</name>
         <load_address>0x5a44</load_address>
         <run_address>0x5a44</run_address>
         <size>0xe</size>
         <input_file_ref idref="fl-e"/>
      </object_component>
      <object_component id="oc-5f6">
         <name>.text:ADC12_B_disable</name>
         <load_address>0x5a52</load_address>
         <run_address>0x5a52</run_address>
         <size>0xc</size>
         <input_file_ref idref="fl-5"/>
      </object_component>
      <object_component id="oc-5a8">
         <name>.text:ADC12_B_enable</name>
         <load_address>0x5a5e</load_address>
         <run_address>0x5a5e</run_address>
         <size>0xc</size>
         <input_file_ref idref="fl-5"/>
      </object_component>
      <object_component id="oc-586">
         <name>.text:RTC_B_setCalendarEvent</name>
         <load_address>0x5a6a</load_address>
         <run_address>0x5a6a</run_address>
         <size>0xc</size>
         <input_file_ref idref="fl-19"/>
      </object_component>
      <object_component id="oc-598">
         <name>.text:RTC_B_startClock</name>
         <load_address>0x5a76</load_address>
         <run_address>0x5a76</run_address>
         <size>0xc</size>
         <input_file_ref idref="fl-19"/>
      </object_component>
      <object_component id="oc-5d5">
         <name>.text:Ref_A_setReferenceVoltage</name>
         <load_address>0x5a82</load_address>
         <run_address>0x5a82</run_address>
         <size>0xc</size>
         <input_file_ref idref="fl-18"/>
      </object_component>
      <object_component id="oc-689">
         <name>.text:Timer_A_setCompareValue</name>
         <load_address>0x5a8e</load_address>
         <run_address>0x5a8e</run_address>
         <size>0xc</size>
         <input_file_ref idref="fl-1d"/>
      </object_component>
      <object_component id="oc-437">
         <name>.text:_system_pre_init</name>
         <load_address>0x5a9a</load_address>
         <run_address>0x5a9a</run_address>
         <size>0xc</size>
         <input_file_ref idref="fl-4"/>
      </object_component>
      <object_component id="oc-66d">
         <name>.text:EUSCI_A_UART_queryStatusFlags</name>
         <load_address>0x5aa6</load_address>
         <run_address>0x5aa6</run_address>
         <size>0xa</size>
         <input_file_ref idref="fl-e"/>
      </object_component>
      <object_component id="oc-5c9">
         <name>.text:Ref_A_isRefGenBusy</name>
         <load_address>0x5ab0</load_address>
         <run_address>0x5ab0</run_address>
         <size>0xa</size>
         <input_file_ref idref="fl-18"/>
      </object_component>
      <object_component id="oc-5ea">
         <name>.text:Timer_A_stop</name>
         <load_address>0x5aba</load_address>
         <run_address>0x5aba</run_address>
         <size>0x8</size>
         <input_file_ref idref="fl-1d"/>
      </object_component>
      <object_component id="oc-41e">
         <name>.text:_isr:TIMER0_A0_ISR</name>
         <load_address>0x5ac2</load_address>
         <run_address>0x5ac2</run_address>
         <size>0x8</size>
         <input_file_ref idref="fl-4"/>
      </object_component>
      <object_component id="oc-413">
         <name>.text:_isr:__TI_ISR_TRAP</name>
         <load_address>0x5aca</load_address>
         <run_address>0x5aca</run_address>
         <size>0x8</size>
         <input_file_ref idref="fl-4a"/>
      </object_component>
      <object_component id="oc-649">
         <name>.text:EUSCI_A_UART_enable</name>
         <load_address>0x5ad2</load_address>
         <run_address>0x5ad2</run_address>
         <size>0x6</size>
         <input_file_ref idref="fl-e"/>
      </object_component>
      <object_component id="oc-571">
         <name>.text:PMM_unlockLPM5</name>
         <load_address>0x5ad8</load_address>
         <run_address>0x5ad8</run_address>
         <size>0x6</size>
         <input_file_ref idref="fl-16"/>
      </object_component>
      <object_component id="oc-5db">
         <name>.text:Ref_A_enableReferenceVoltage</name>
         <load_address>0x5ade</load_address>
         <run_address>0x5ade</run_address>
         <size>0x6</size>
         <input_file_ref idref="fl-18"/>
      </object_component>
      <object_component id="oc-5cf">
         <name>.text:Ref_A_enableTempSensor</name>
         <load_address>0x5ae4</load_address>
         <run_address>0x5ae4</run_address>
         <size>0x6</size>
         <input_file_ref idref="fl-18"/>
      </object_component>
      <object_component id="oc-45f">
         <name>.text:abort</name>
         <load_address>0x5aea</load_address>
         <run_address>0x5aea</run_address>
         <size>0x6</size>
         <input_file_ref idref="fl-70"/>
      </object_component>
      <object_component id="oc-4a3">
         <name>.text:_system_post_cinit</name>
         <load_address>0x5af0</load_address>
         <run_address>0x5af0</run_address>
         <size>0x2</size>
         <input_file_ref idref="fl-6f"/>
      </object_component>
      <object_component id="oc-5ff">
         <name>.common:FRAM_TEMP_write_ptr</name>
         <uninitialized>true</uninitialized>
         <run_address>0x1c0c</run_address>
         <size>0x4</size>
      </object_component>
      <object_component id="oc-602">
         <name>.common:FRAM_BAT_write_ptr</name>
         <uninitialized>true</uninitialized>
         <run_address>0x1c08</run_address>
         <size>0x4</size>
      </object_component>
      <object_component id="oc-674">
         <name>.common:storageDone</name>
         <uninitialized>true</uninitialized>
         <run_address>0x1c10</run_address>
         <size>0x2</size>
      </object_component>
      <object_component id="oc-57d">
         <name>.common:calendar</name>
         <uninitialized>true</uninitialized>
         <run_address>0x1c00</run_address>
         <size>0x8</size>
      </object_component>
      <object_component id="oc-5fc">
         <name>.data</name>
         <load_address>0x1c20</load_address>
         <run_address>0x1c20</run_address>
         <size>0x4</size>
         <input_file_ref idref="fl-2"/>
      </object_component>
      <object_component id="oc-482">
         <name>.data</name>
         <load_address>0x1c1a</load_address>
         <run_address>0x1c1a</run_address>
         <size>0x6</size>
         <input_file_ref idref="fl-4"/>
      </object_component>
      <object_component id="oc-6cf">
         <name>.data</name>
         <load_address>0x1c12</load_address>
         <run_address>0x1c12</run_address>
         <size>0x8</size>
         <input_file_ref idref="fl-a"/>
      </object_component>
      <object_component id="oc-3f7">
         <name>.stack</name>
         <uninitialized>true</uninitialized>
         <run_address>0x2360</run_address>
         <size>0x4</size>
         <input_file_ref idref="fl-6a"/>
      </object_component>
      <object_component id="oc-75a">
         <name>.stack</name>
         <uninitialized>true</uninitialized>
         <run_address>0x2360</run_address>
         <size>0x0</size>
      </object_component>
      <object_component id="oc-76">
         <name>.int30</name>
         <load_address>0xffcc</load_address>
         <run_address>0xffcc</run_address>
         <size>0x2</size>
         <input_file_ref idref="fl-49"/>
      </object_component>
      <object_component id="oc-77">
         <name>.int31</name>
         <load_address>0xffce</load_address>
         <run_address>0xffce</run_address>
         <size>0x2</size>
         <input_file_ref idref="fl-4b"/>
      </object_component>
      <object_component id="oc-78">
         <name>.int32</name>
         <load_address>0xffd0</load_address>
         <run_address>0xffd0</run_address>
         <size>0x2</size>
         <input_file_ref idref="fl-4c"/>
      </object_component>
      <object_component id="oc-79">
         <name>.int33</name>
         <load_address>0xffd2</load_address>
         <run_address>0xffd2</run_address>
         <size>0x2</size>
         <input_file_ref idref="fl-4d"/>
      </object_component>
      <object_component id="oc-7a">
         <name>.int34</name>
         <load_address>0xffd4</load_address>
         <run_address>0xffd4</run_address>
         <size>0x2</size>
         <input_file_ref idref="fl-4e"/>
      </object_component>
      <object_component id="oc-7b">
         <name>.int35</name>
         <load_address>0xffd6</load_address>
         <run_address>0xffd6</run_address>
         <size>0x2</size>
         <input_file_ref idref="fl-4f"/>
      </object_component>
      <object_component id="oc-7c">
         <name>.int36</name>
         <load_address>0xffd8</load_address>
         <run_address>0xffd8</run_address>
         <size>0x2</size>
         <input_file_ref idref="fl-50"/>
      </object_component>
      <object_component id="oc-7d">
         <name>.int37</name>
         <load_address>0xffda</load_address>
         <run_address>0xffda</run_address>
         <size>0x2</size>
         <input_file_ref idref="fl-51"/>
      </object_component>
      <object_component id="oc-7e">
         <name>.int38</name>
         <load_address>0xffdc</load_address>
         <run_address>0xffdc</run_address>
         <size>0x2</size>
         <input_file_ref idref="fl-52"/>
      </object_component>
      <object_component id="oc-7f">
         <name>.int39</name>
         <load_address>0xffde</load_address>
         <run_address>0xffde</run_address>
         <size>0x2</size>
         <input_file_ref idref="fl-4"/>
      </object_component>
      <object_component id="oc-80">
         <name>.int40</name>
         <load_address>0xffe0</load_address>
         <run_address>0xffe0</run_address>
         <size>0x2</size>
         <input_file_ref idref="fl-53"/>
      </object_component>
      <object_component id="oc-81">
         <name>.int41</name>
         <load_address>0xffe2</load_address>
         <run_address>0xffe2</run_address>
         <size>0x2</size>
         <input_file_ref idref="fl-54"/>
      </object_component>
      <object_component id="oc-82">
         <name>.int42</name>
         <load_address>0xffe4</load_address>
         <run_address>0xffe4</run_address>
         <size>0x2</size>
         <input_file_ref idref="fl-55"/>
      </object_component>
      <object_component id="oc-83">
         <name>.int43</name>
         <load_address>0xffe6</load_address>
         <run_address>0xffe6</run_address>
         <size>0x2</size>
         <input_file_ref idref="fl-56"/>
      </object_component>
      <object_component id="oc-84">
         <name>.int44</name>
         <load_address>0xffe8</load_address>
         <run_address>0xffe8</run_address>
         <size>0x2</size>
         <input_file_ref idref="fl-57"/>
      </object_component>
      <object_component id="oc-85">
         <name>.int45</name>
         <load_address>0xffea</load_address>
         <run_address>0xffea</run_address>
         <size>0x2</size>
         <input_file_ref idref="fl-4"/>
      </object_component>
      <object_component id="oc-86">
         <name>.int46</name>
         <load_address>0xffec</load_address>
         <run_address>0xffec</run_address>
         <size>0x2</size>
         <input_file_ref idref="fl-4"/>
      </object_component>
      <object_component id="oc-87">
         <name>.int47</name>
         <load_address>0xffee</load_address>
         <run_address>0xffee</run_address>
         <size>0x2</size>
         <input_file_ref idref="fl-58"/>
      </object_component>
      <object_component id="oc-88">
         <name>.int48</name>
         <load_address>0xfff0</load_address>
         <run_address>0xfff0</run_address>
         <size>0x2</size>
         <input_file_ref idref="fl-4"/>
      </object_component>
      <object_component id="oc-89">
         <name>.int49</name>
         <load_address>0xfff2</load_address>
         <run_address>0xfff2</run_address>
         <size>0x2</size>
         <input_file_ref idref="fl-59"/>
      </object_component>
      <object_component id="oc-8a">
         <name>.int50</name>
         <load_address>0xfff4</load_address>
         <run_address>0xfff4</run_address>
         <size>0x2</size>
         <input_file_ref idref="fl-5a"/>
      </object_component>
      <object_component id="oc-8b">
         <name>.int51</name>
         <load_address>0xfff6</load_address>
         <run_address>0xfff6</run_address>
         <size>0x2</size>
         <input_file_ref idref="fl-5b"/>
      </object_component>
      <object_component id="oc-8c">
         <name>.int52</name>
         <load_address>0xfff8</load_address>
         <run_address>0xfff8</run_address>
         <size>0x2</size>
         <input_file_ref idref="fl-5c"/>
      </object_component>
      <object_component id="oc-8d">
         <name>.int53</name>
         <load_address>0xfffa</load_address>
         <run_address>0xfffa</run_address>
         <size>0x2</size>
         <input_file_ref idref="fl-5d"/>
      </object_component>
      <object_component id="oc-8e">
         <name>.int54</name>
         <load_address>0xfffc</load_address>
         <run_address>0xfffc</run_address>
         <size>0x2</size>
         <input_file_ref idref="fl-5e"/>
      </object_component>
      <object_component id="oc-3fa">
         <name>.reset</name>
         <load_address>0xfffe</load_address>
         <run_address>0xfffe</run_address>
         <size>0x2</size>
         <input_file_ref idref="fl-6a"/>
      </object_component>
      <object_component id="oc-500">
         <name>.TI.bound:dataArray</name>
         <uninitialized>true</uninitialized>
         <run_address>0x9000</run_address>
         <size>0x6002</size>
         <input_file_ref idref="fl-2"/>
      </object_component>
      <object_component id="oc-675">
         <name>.TI.bound:timeStamp</name>
         <uninitialized>true</uninitialized>
         <run_address>0xf002</run_address>
         <size>0x6</size>
         <input_file_ref idref="fl-2"/>
      </object_component>
      <object_component id="oc-600">
         <name>.debug_info</name>
         <load_address>0x0</load_address>
         <run_address>0x0</run_address>
         <size>0x9e8</size>
         <input_file_ref idref="fl-2"/>
      </object_component>
      <object_component id="oc-501">
         <name>.debug_info</name>
         <load_address>0x9e8</load_address>
         <run_address>0x9e8</run_address>
         <size>0xdc</size>
         <input_file_ref idref="fl-2"/>
      </object_component>
      <object_component id="oc-676">
         <name>.debug_info</name>
         <load_address>0xac4</load_address>
         <run_address>0xac4</run_address>
         <size>0xdc</size>
         <input_file_ref idref="fl-2"/>
      </object_component>
      <object_component id="oc-5fd">
         <name>.debug_info</name>
         <load_address>0xba0</load_address>
         <run_address>0xba0</run_address>
         <size>0xe6</size>
         <input_file_ref idref="fl-2"/>
      </object_component>
      <object_component id="oc-5a0">
         <name>.debug_info</name>
         <load_address>0xc86</load_address>
         <run_address>0xc86</run_address>
         <size>0xd7</size>
         <input_file_ref idref="fl-2"/>
      </object_component>
      <object_component id="oc-5b5">
         <name>.debug_info</name>
         <load_address>0xd5d</load_address>
         <run_address>0xd5d</run_address>
         <size>0xd7</size>
         <input_file_ref idref="fl-2"/>
      </object_component>
      <object_component id="oc-5e2">
         <name>.debug_info</name>
         <load_address>0xe34</load_address>
         <run_address>0xe34</run_address>
         <size>0xd7</size>
         <input_file_ref idref="fl-2"/>
      </object_component>
      <object_component id="oc-4dd">
         <name>.debug_info</name>
         <load_address>0xf0b</load_address>
         <run_address>0xf0b</run_address>
         <size>0x3ea</size>
         <input_file_ref idref="fl-2"/>
      </object_component>
      <object_component id="oc-51c">
         <name>.debug_info</name>
         <load_address>0x12f5</load_address>
         <run_address>0x12f5</run_address>
         <size>0x23d</size>
         <input_file_ref idref="fl-2"/>
      </object_component>
      <object_component id="oc-4fb">
         <name>.debug_info</name>
         <load_address>0x1532</load_address>
         <run_address>0x1532</run_address>
         <size>0x140</size>
         <input_file_ref idref="fl-2"/>
      </object_component>
      <object_component id="oc-621">
         <name>.debug_info</name>
         <load_address>0x1672</load_address>
         <run_address>0x1672</run_address>
         <size>0x131</size>
         <input_file_ref idref="fl-2"/>
      </object_component>
      <object_component id="oc-6a5">
         <name>.debug_info</name>
         <load_address>0x17a3</load_address>
         <run_address>0x17a3</run_address>
         <size>0x131</size>
         <input_file_ref idref="fl-2"/>
      </object_component>
      <object_component id="oc-65c">
         <name>.debug_info</name>
         <load_address>0x18d4</load_address>
         <run_address>0x18d4</run_address>
         <size>0xee</size>
         <input_file_ref idref="fl-2"/>
      </object_component>
      <object_component id="oc-61c">
         <name>.debug_info</name>
         <load_address>0x19c2</load_address>
         <run_address>0x19c2</run_address>
         <size>0x392</size>
         <input_file_ref idref="fl-2"/>
      </object_component>
      <object_component id="oc-48f">
         <name>.debug_info</name>
         <load_address>0x1d54</load_address>
         <run_address>0x1d54</run_address>
         <size>0x8b</size>
         <input_file_ref idref="fl-2"/>
      </object_component>
      <object_component id="oc-52f">
         <name>.debug_info</name>
         <load_address>0x1ddf</load_address>
         <run_address>0x1ddf</run_address>
         <size>0x18b</size>
         <input_file_ref idref="fl-2"/>
      </object_component>
      <object_component id="oc-6e3">
         <name>.debug_info</name>
         <load_address>0x1f6a</load_address>
         <run_address>0x1f6a</run_address>
         <size>0x785</size>
         <input_file_ref idref="fl-3"/>
      </object_component>
      <object_component id="oc-681">
         <name>.debug_info</name>
         <load_address>0x26ef</load_address>
         <run_address>0x26ef</run_address>
         <size>0xd8</size>
         <input_file_ref idref="fl-3"/>
      </object_component>
      <object_component id="oc-684">
         <name>.debug_info</name>
         <load_address>0x27c7</load_address>
         <run_address>0x27c7</run_address>
         <size>0xd8</size>
         <input_file_ref idref="fl-3"/>
      </object_component>
      <object_component id="oc-687">
         <name>.debug_info</name>
         <load_address>0x289f</load_address>
         <run_address>0x289f</run_address>
         <size>0xd8</size>
         <input_file_ref idref="fl-3"/>
      </object_component>
      <object_component id="oc-524">
         <name>.debug_info</name>
         <load_address>0x2977</load_address>
         <run_address>0x2977</run_address>
         <size>0x3ea</size>
         <input_file_ref idref="fl-3"/>
      </object_component>
      <object_component id="oc-57e">
         <name>.debug_info</name>
         <load_address>0x2d61</load_address>
         <run_address>0x2d61</run_address>
         <size>0xbb7</size>
         <input_file_ref idref="fl-4"/>
      </object_component>
      <object_component id="oc-483">
         <name>.debug_info</name>
         <load_address>0x3918</load_address>
         <run_address>0x3918</run_address>
         <size>0x109</size>
         <input_file_ref idref="fl-4"/>
      </object_component>
      <object_component id="oc-641">
         <name>.debug_info</name>
         <load_address>0x3a21</load_address>
         <run_address>0x3a21</run_address>
         <size>0xd0</size>
         <input_file_ref idref="fl-4"/>
      </object_component>
      <object_component id="oc-438">
         <name>.debug_info</name>
         <load_address>0x3af1</load_address>
         <run_address>0x3af1</run_address>
         <size>0x122</size>
         <input_file_ref idref="fl-4"/>
      </object_component>
      <object_component id="oc-458">
         <name>.debug_info</name>
         <load_address>0x3c13</load_address>
         <run_address>0x3c13</run_address>
         <size>0x31f</size>
         <input_file_ref idref="fl-4"/>
      </object_component>
      <object_component id="oc-4c5">
         <name>.debug_info</name>
         <load_address>0x3f32</load_address>
         <run_address>0x3f32</run_address>
         <size>0x2c0</size>
         <input_file_ref idref="fl-4"/>
      </object_component>
      <object_component id="oc-4e9">
         <name>.debug_info</name>
         <load_address>0x41f2</load_address>
         <run_address>0x41f2</run_address>
         <size>0x194</size>
         <input_file_ref idref="fl-4"/>
      </object_component>
      <object_component id="oc-4ef">
         <name>.debug_info</name>
         <load_address>0x4386</load_address>
         <run_address>0x4386</run_address>
         <size>0x197</size>
         <input_file_ref idref="fl-4"/>
      </object_component>
      <object_component id="oc-4d7">
         <name>.debug_info</name>
         <load_address>0x451d</load_address>
         <run_address>0x451d</run_address>
         <size>0x184</size>
         <input_file_ref idref="fl-4"/>
      </object_component>
      <object_component id="oc-510">
         <name>.debug_info</name>
         <load_address>0x46a1</load_address>
         <run_address>0x46a1</run_address>
         <size>0x22d</size>
         <input_file_ref idref="fl-4"/>
      </object_component>
      <object_component id="oc-516">
         <name>.debug_info</name>
         <load_address>0x48ce</load_address>
         <run_address>0x48ce</run_address>
         <size>0x19e</size>
         <input_file_ref idref="fl-4"/>
      </object_component>
      <object_component id="oc-4f5">
         <name>.debug_info</name>
         <load_address>0x4a6c</load_address>
         <run_address>0x4a6c</run_address>
         <size>0x1d3</size>
         <input_file_ref idref="fl-4"/>
      </object_component>
      <object_component id="oc-50a">
         <name>.debug_info</name>
         <load_address>0x4c3f</load_address>
         <run_address>0x4c3f</run_address>
         <size>0x19e</size>
         <input_file_ref idref="fl-4"/>
      </object_component>
      <object_component id="oc-42b">
         <name>.debug_info</name>
         <load_address>0x4ddd</load_address>
         <run_address>0x4ddd</run_address>
         <size>0x131</size>
         <input_file_ref idref="fl-4"/>
      </object_component>
      <object_component id="oc-425">
         <name>.debug_info</name>
         <load_address>0x4f0e</load_address>
         <run_address>0x4f0e</run_address>
         <size>0x103</size>
         <input_file_ref idref="fl-4"/>
      </object_component>
      <object_component id="oc-41f">
         <name>.debug_info</name>
         <load_address>0x5011</load_address>
         <run_address>0x5011</run_address>
         <size>0x10b</size>
         <input_file_ref idref="fl-4"/>
      </object_component>
      <object_component id="oc-419">
         <name>.debug_info</name>
         <load_address>0x511c</load_address>
         <run_address>0x511c</run_address>
         <size>0xfd</size>
         <input_file_ref idref="fl-4"/>
      </object_component>
      <object_component id="oc-6b3">
         <name>.debug_info</name>
         <load_address>0x5219</load_address>
         <run_address>0x5219</run_address>
         <size>0x155</size>
         <input_file_ref idref="fl-5"/>
      </object_component>
      <object_component id="oc-5a5">
         <name>.debug_info</name>
         <load_address>0x536e</load_address>
         <run_address>0x536e</run_address>
         <size>0x1d9</size>
         <input_file_ref idref="fl-5"/>
      </object_component>
      <object_component id="oc-5ab">
         <name>.debug_info</name>
         <load_address>0x5547</load_address>
         <run_address>0x5547</run_address>
         <size>0x19e</size>
         <input_file_ref idref="fl-5"/>
      </object_component>
      <object_component id="oc-5f9">
         <name>.debug_info</name>
         <load_address>0x56e5</load_address>
         <run_address>0x56e5</run_address>
         <size>0x1a0</size>
         <input_file_ref idref="fl-5"/>
      </object_component>
      <object_component id="oc-5b1">
         <name>.debug_info</name>
         <load_address>0x5885</load_address>
         <run_address>0x5885</run_address>
         <size>0x310</size>
         <input_file_ref idref="fl-5"/>
      </object_component>
      <object_component id="oc-5ba">
         <name>.debug_info</name>
         <load_address>0x5b95</load_address>
         <run_address>0x5b95</run_address>
         <size>0x211</size>
         <input_file_ref idref="fl-5"/>
      </object_component>
      <object_component id="oc-5c5">
         <name>.debug_info</name>
         <load_address>0x5da6</load_address>
         <run_address>0x5da6</run_address>
         <size>0x28e</size>
         <input_file_ref idref="fl-5"/>
      </object_component>
      <object_component id="oc-5be">
         <name>.debug_info</name>
         <load_address>0x6034</load_address>
         <run_address>0x6034</run_address>
         <size>0x28a</size>
         <input_file_ref idref="fl-5"/>
      </object_component>
      <object_component id="oc-5f1">
         <name>.debug_info</name>
         <load_address>0x62be</load_address>
         <run_address>0x62be</run_address>
         <size>0x2a8</size>
         <input_file_ref idref="fl-5"/>
      </object_component>
      <object_component id="oc-401">
         <name>.debug_info</name>
         <load_address>0x6566</load_address>
         <run_address>0x6566</run_address>
         <size>0x84</size>
         <input_file_ref idref="fl-6"/>
      </object_component>
      <object_component id="oc-6d0">
         <name>.debug_info</name>
         <load_address>0x65ea</load_address>
         <run_address>0x65ea</run_address>
         <size>0x14e</size>
         <input_file_ref idref="fl-a"/>
      </object_component>
      <object_component id="oc-62e">
         <name>.debug_info</name>
         <load_address>0x6738</load_address>
         <run_address>0x6738</run_address>
         <size>0x22a</size>
         <input_file_ref idref="fl-a"/>
      </object_component>
      <object_component id="oc-634">
         <name>.debug_info</name>
         <load_address>0x6962</load_address>
         <run_address>0x6962</run_address>
         <size>0x252</size>
         <input_file_ref idref="fl-a"/>
      </object_component>
      <object_component id="oc-63a">
         <name>.debug_info</name>
         <load_address>0x6bb4</load_address>
         <run_address>0x6bb4</run_address>
         <size>0x16d</size>
         <input_file_ref idref="fl-a"/>
      </object_component>
      <object_component id="oc-629">
         <name>.debug_info</name>
         <load_address>0x6d21</load_address>
         <run_address>0x6d21</run_address>
         <size>0x197</size>
         <input_file_ref idref="fl-a"/>
      </object_component>
      <object_component id="oc-6d8">
         <name>.debug_info</name>
         <load_address>0x6eb8</load_address>
         <run_address>0x6eb8</run_address>
         <size>0x154</size>
         <input_file_ref idref="fl-e"/>
      </object_component>
      <object_component id="oc-644">
         <name>.debug_info</name>
         <load_address>0x700c</load_address>
         <run_address>0x700c</run_address>
         <size>0x1f2</size>
         <input_file_ref idref="fl-e"/>
      </object_component>
      <object_component id="oc-668">
         <name>.debug_info</name>
         <load_address>0x71fe</load_address>
         <run_address>0x71fe</run_address>
         <size>0x205</size>
         <input_file_ref idref="fl-e"/>
      </object_component>
      <object_component id="oc-489">
         <name>.debug_info</name>
         <load_address>0x7403</load_address>
         <run_address>0x7403</run_address>
         <size>0x1c5</size>
         <input_file_ref idref="fl-e"/>
      </object_component>
      <object_component id="oc-656">
         <name>.debug_info</name>
         <load_address>0x75c8</load_address>
         <run_address>0x75c8</run_address>
         <size>0x202</size>
         <input_file_ref idref="fl-e"/>
      </object_component>
      <object_component id="oc-650">
         <name>.debug_info</name>
         <load_address>0x77ca</load_address>
         <run_address>0x77ca</run_address>
         <size>0x1ca</size>
         <input_file_ref idref="fl-e"/>
      </object_component>
      <object_component id="oc-64a">
         <name>.debug_info</name>
         <load_address>0x7994</load_address>
         <run_address>0x7994</run_address>
         <size>0x1b7</size>
         <input_file_ref idref="fl-e"/>
      </object_component>
      <object_component id="oc-66e">
         <name>.debug_info</name>
         <load_address>0x7b4b</load_address>
         <run_address>0x7b4b</run_address>
         <size>0x1d2</size>
         <input_file_ref idref="fl-e"/>
      </object_component>
      <object_component id="oc-6a2">
         <name>.debug_info</name>
         <load_address>0x7d1d</load_address>
         <run_address>0x7d1d</run_address>
         <size>0x15e</size>
         <input_file_ref idref="fl-12"/>
      </object_component>
      <object_component id="oc-579">
         <name>.debug_info</name>
         <load_address>0x7e7b</load_address>
         <run_address>0x7e7b</run_address>
         <size>0xfe</size>
         <input_file_ref idref="fl-12"/>
      </object_component>
      <object_component id="oc-567">
         <name>.debug_info</name>
         <load_address>0x7f79</load_address>
         <run_address>0x7f79</run_address>
         <size>0x204</size>
         <input_file_ref idref="fl-12"/>
      </object_component>
      <object_component id="oc-662">
         <name>.debug_info</name>
         <load_address>0x817d</load_address>
         <run_address>0x817d</run_address>
         <size>0x256</size>
         <input_file_ref idref="fl-12"/>
      </object_component>
      <object_component id="oc-56c">
         <name>.debug_info</name>
         <load_address>0x83d3</load_address>
         <run_address>0x83d3</run_address>
         <size>0x255</size>
         <input_file_ref idref="fl-12"/>
      </object_component>
      <object_component id="oc-4cb">
         <name>.debug_info</name>
         <load_address>0x8628</load_address>
         <run_address>0x8628</run_address>
         <size>0x20f</size>
         <input_file_ref idref="fl-12"/>
      </object_component>
      <object_component id="oc-504">
         <name>.debug_info</name>
         <load_address>0x8837</load_address>
         <run_address>0x8837</run_address>
         <size>0x20d</size>
         <input_file_ref idref="fl-12"/>
      </object_component>
      <object_component id="oc-4d1">
         <name>.debug_info</name>
         <load_address>0x8a44</load_address>
         <run_address>0x8a44</run_address>
         <size>0x20d</size>
         <input_file_ref idref="fl-12"/>
      </object_component>
      <object_component id="oc-60a">
         <name>.debug_info</name>
         <load_address>0x8c51</load_address>
         <run_address>0x8c51</run_address>
         <size>0x229</size>
         <input_file_ref idref="fl-12"/>
      </object_component>
      <object_component id="oc-610">
         <name>.debug_info</name>
         <load_address>0x8e7a</load_address>
         <run_address>0x8e7a</run_address>
         <size>0x209</size>
         <input_file_ref idref="fl-12"/>
      </object_component>
      <object_component id="oc-4e3">
         <name>.debug_info</name>
         <load_address>0x9083</load_address>
         <run_address>0x9083</run_address>
         <size>0x207</size>
         <input_file_ref idref="fl-12"/>
      </object_component>
      <object_component id="oc-604">
         <name>.debug_info</name>
         <load_address>0x928a</load_address>
         <run_address>0x928a</run_address>
         <size>0x24b</size>
         <input_file_ref idref="fl-12"/>
      </object_component>
      <object_component id="oc-617">
         <name>.debug_info</name>
         <load_address>0x94d5</load_address>
         <run_address>0x94d5</run_address>
         <size>0x160</size>
         <input_file_ref idref="fl-16"/>
      </object_component>
      <object_component id="oc-572">
         <name>.debug_info</name>
         <load_address>0x9635</load_address>
         <run_address>0x9635</run_address>
         <size>0x154</size>
         <input_file_ref idref="fl-16"/>
      </object_component>
      <object_component id="oc-5d6">
         <name>.debug_info</name>
         <load_address>0x9789</load_address>
         <run_address>0x9789</run_address>
         <size>0x218</size>
         <input_file_ref idref="fl-18"/>
      </object_component>
      <object_component id="oc-5d0">
         <name>.debug_info</name>
         <load_address>0x99a1</load_address>
         <run_address>0x99a1</run_address>
         <size>0x1a8</size>
         <input_file_ref idref="fl-18"/>
      </object_component>
      <object_component id="oc-5dc">
         <name>.debug_info</name>
         <load_address>0x9b49</load_address>
         <run_address>0x9b49</run_address>
         <size>0x1b4</size>
         <input_file_ref idref="fl-18"/>
      </object_component>
      <object_component id="oc-5cb">
         <name>.debug_info</name>
         <load_address>0x9cfd</load_address>
         <run_address>0x9cfd</run_address>
         <size>0x1a4</size>
         <input_file_ref idref="fl-18"/>
      </object_component>
      <object_component id="oc-6ab">
         <name>.debug_info</name>
         <load_address>0x9ea1</load_address>
         <run_address>0x9ea1</run_address>
         <size>0x153</size>
         <input_file_ref idref="fl-19"/>
      </object_component>
      <object_component id="oc-599">
         <name>.debug_info</name>
         <load_address>0x9ff4</load_address>
         <run_address>0x9ff4</run_address>
         <size>0x17d</size>
         <input_file_ref idref="fl-19"/>
      </object_component>
      <object_component id="oc-581">
         <name>.debug_info</name>
         <load_address>0xa171</load_address>
         <run_address>0xa171</run_address>
         <size>0x224</size>
         <input_file_ref idref="fl-19"/>
      </object_component>
      <object_component id="oc-587">
         <name>.debug_info</name>
         <load_address>0xa395</load_address>
         <run_address>0xa395</run_address>
         <size>0x1e6</size>
         <input_file_ref idref="fl-19"/>
      </object_component>
      <object_component id="oc-593">
         <name>.debug_info</name>
         <load_address>0xa57b</load_address>
         <run_address>0xa57b</run_address>
         <size>0x1ec</size>
         <input_file_ref idref="fl-19"/>
      </object_component>
      <object_component id="oc-58e">
         <name>.debug_info</name>
         <load_address>0xa767</load_address>
         <run_address>0xa767</run_address>
         <size>0x1fb</size>
         <input_file_ref idref="fl-19"/>
      </object_component>
      <object_component id="oc-6c2">
         <name>.debug_info</name>
         <load_address>0xa962</load_address>
         <run_address>0xa962</run_address>
         <size>0x16d</size>
         <input_file_ref idref="fl-1d"/>
      </object_component>
      <object_component id="oc-5e5">
         <name>.debug_info</name>
         <load_address>0xaacf</load_address>
         <run_address>0xaacf</run_address>
         <size>0x1cc</size>
         <input_file_ref idref="fl-1d"/>
      </object_component>
      <object_component id="oc-5eb">
         <name>.debug_info</name>
         <load_address>0xac9b</load_address>
         <run_address>0xac9b</run_address>
         <size>0x19d</size>
         <input_file_ref idref="fl-1d"/>
      </object_component>
      <object_component id="oc-68a">
         <name>.debug_info</name>
         <load_address>0xae38</load_address>
         <run_address>0xae38</run_address>
         <size>0x224</size>
         <input_file_ref idref="fl-1d"/>
      </object_component>
      <object_component id="oc-499">
         <name>.debug_info</name>
         <load_address>0xb05c</load_address>
         <run_address>0xb05c</run_address>
         <size>0x1b1</size>
         <input_file_ref idref="fl-20"/>
      </object_component>
      <object_component id="oc-472">
         <name>.debug_info</name>
         <load_address>0xb20d</load_address>
         <run_address>0xb20d</run_address>
         <size>0x170</size>
         <input_file_ref idref="fl-47"/>
      </object_component>
      <object_component id="oc-6c">
         <name>.debug_info</name>
         <load_address>0xb37d</load_address>
         <run_address>0xb37d</run_address>
         <size>0x245</size>
         <input_file_ref idref="fl-47"/>
      </object_component>
      <object_component id="oc-3fc">
         <name>.debug_info</name>
         <load_address>0xb5c2</load_address>
         <run_address>0xb5c2</run_address>
         <size>0x60</size>
         <input_file_ref idref="fl-47"/>
      </object_component>
      <object_component id="oc-46d">
         <name>.debug_info</name>
         <load_address>0xb622</load_address>
         <run_address>0xb622</run_address>
         <size>0x46</size>
         <input_file_ref idref="fl-47"/>
      </object_component>
      <object_component id="oc-412">
         <name>.debug_info</name>
         <load_address>0xb668</load_address>
         <run_address>0xb668</run_address>
         <size>0x1c6</size>
         <input_file_ref idref="fl-48"/>
      </object_component>
      <object_component id="oc-72">
         <name>.debug_info</name>
         <load_address>0xb82e</load_address>
         <run_address>0xb82e</run_address>
         <size>0x1c8</size>
         <input_file_ref idref="fl-48"/>
      </object_component>
      <object_component id="oc-40d">
         <name>.debug_info</name>
         <load_address>0xb9f6</load_address>
         <run_address>0xb9f6</run_address>
         <size>0x46</size>
         <input_file_ref idref="fl-48"/>
      </object_component>
      <object_component id="oc-47c">
         <name>.debug_info</name>
         <load_address>0xba3c</load_address>
         <run_address>0xba3c</run_address>
         <size>0x2c</size>
         <input_file_ref idref="fl-48"/>
      </object_component>
      <object_component id="oc-416">
         <name>.debug_info</name>
         <load_address>0xba68</load_address>
         <run_address>0xba68</run_address>
         <size>0x107</size>
         <input_file_ref idref="fl-4a"/>
      </object_component>
      <object_component id="oc-436">
         <name>.debug_info</name>
         <load_address>0xbb6f</load_address>
         <run_address>0xbb6f</run_address>
         <size>0x174</size>
         <input_file_ref idref="fl-5f"/>
      </object_component>
      <object_component id="oc-91">
         <name>.debug_info</name>
         <load_address>0xbce3</load_address>
         <run_address>0xbce3</run_address>
         <size>0x1ba</size>
         <input_file_ref idref="fl-5f"/>
      </object_component>
      <object_component id="oc-431">
         <name>.debug_info</name>
         <load_address>0xbe9d</load_address>
         <run_address>0xbe9d</run_address>
         <size>0x46</size>
         <input_file_ref idref="fl-5f"/>
      </object_component>
      <object_component id="oc-538">
         <name>.debug_info</name>
         <load_address>0xbee3</load_address>
         <run_address>0xbee3</run_address>
         <size>0x128</size>
         <input_file_ref idref="fl-64"/>
      </object_component>
      <object_component id="oc-3f8">
         <name>.debug_info</name>
         <load_address>0xc00b</load_address>
         <run_address>0xc00b</run_address>
         <size>0xf5</size>
         <input_file_ref idref="fl-6a"/>
      </object_component>
      <object_component id="oc-4af">
         <name>.debug_info</name>
         <load_address>0xc100</load_address>
         <run_address>0xc100</run_address>
         <size>0x3f5</size>
         <input_file_ref idref="fl-6c"/>
      </object_component>
      <object_component id="oc-43e">
         <name>.debug_info</name>
         <load_address>0xc4f5</load_address>
         <run_address>0xc4f5</run_address>
         <size>0x21e</size>
         <input_file_ref idref="fl-6c"/>
      </object_component>
      <object_component id="oc-540">
         <name>.debug_info</name>
         <load_address>0xc713</load_address>
         <run_address>0xc713</run_address>
         <size>0x39</size>
         <input_file_ref idref="fl-6c"/>
      </object_component>
      <object_component id="oc-4aa">
         <name>.debug_info</name>
         <load_address>0xc74c</load_address>
         <run_address>0xc74c</run_address>
         <size>0x2c</size>
         <input_file_ref idref="fl-6c"/>
      </object_component>
      <object_component id="oc-545">
         <name>.debug_info</name>
         <load_address>0xc778</load_address>
         <run_address>0xc778</run_address>
         <size>0xcd</size>
         <input_file_ref idref="fl-6c"/>
      </object_component>
      <object_component id="oc-ae">
         <name>.debug_info</name>
         <load_address>0xc845</load_address>
         <run_address>0xc845</run_address>
         <size>0x196</size>
         <input_file_ref idref="fl-6d"/>
      </object_component>
      <object_component id="oc-4a5">
         <name>.debug_info</name>
         <load_address>0xc9db</load_address>
         <run_address>0xc9db</run_address>
         <size>0x145</size>
         <input_file_ref idref="fl-6f"/>
      </object_component>
      <object_component id="oc-462">
         <name>.debug_info</name>
         <load_address>0xcb20</load_address>
         <run_address>0xcb20</run_address>
         <size>0x117</size>
         <input_file_ref idref="fl-70"/>
      </object_component>
      <object_component id="oc-53c">
         <name>.debug_info</name>
         <load_address>0xcc37</load_address>
         <run_address>0xcc37</run_address>
         <size>0x266</size>
         <input_file_ref idref="fl-73"/>
      </object_component>
      <object_component id="oc-4a0">
         <name>.debug_info</name>
         <load_address>0xce9d</load_address>
         <run_address>0xce9d</run_address>
         <size>0x1b0</size>
         <input_file_ref idref="fl-73"/>
      </object_component>
      <object_component id="oc-693">
         <name>.debug_info</name>
         <load_address>0xd04d</load_address>
         <run_address>0xd04d</run_address>
         <size>0x2c</size>
         <input_file_ref idref="fl-73"/>
      </object_component>
      <object_component id="oc-475">
         <name>.debug_info</name>
         <load_address>0xd079</load_address>
         <run_address>0xd079</run_address>
         <size>0x2c</size>
         <input_file_ref idref="fl-73"/>
      </object_component>
      <object_component id="oc-474">
         <name>.debug_info</name>
         <load_address>0xd0a5</load_address>
         <run_address>0xd0a5</run_address>
         <size>0x17c</size>
         <input_file_ref idref="fl-75"/>
      </object_component>
      <object_component id="oc-407">
         <name>.debug_info</name>
         <load_address>0xd221</load_address>
         <run_address>0xd221</run_address>
         <size>0x191</size>
         <input_file_ref idref="fl-75"/>
      </object_component>
      <object_component id="oc-75b">
         <name>.debug_info</name>
         <load_address>0xd3b2</load_address>
         <run_address>0xd3b2</run_address>
         <size>0xa5</size>
      </object_component>
      <object_component id="oc-6c9">
         <name>.debug_line</name>
         <load_address>0x0</load_address>
         <run_address>0x0</run_address>
         <size>0x2cf</size>
         <input_file_ref idref="fl-2"/>
      </object_component>
      <object_component id="oc-67a">
         <name>.debug_line</name>
         <load_address>0x2cf</load_address>
         <run_address>0x2cf</run_address>
         <size>0x34</size>
         <input_file_ref idref="fl-2"/>
      </object_component>
      <object_component id="oc-6e0">
         <name>.debug_line</name>
         <load_address>0x303</load_address>
         <run_address>0x303</run_address>
         <size>0x34</size>
         <input_file_ref idref="fl-2"/>
      </object_component>
      <object_component id="oc-6c7">
[...]
      <symbol id="sm-320">
         <name>WDTCTL_L</name>
         <value>0x15c</value>
      </symbol>
      <symbol id="sm-321">
         <name>WDTCTL_H</name>
         <value>0x15d</value>
      </symbol>
      <symbol id="sm-322">
         <name>fram_rw_start</name>
         <value>0x4400</value>
      </symbol>
      <symbol id="sm-323">
         <name>fram_ro_start</name>
         <value>0x4400</value>
      </symbol>
      <symbol id="sm-324">
         <name>fram_ipe_start</name>
         <value>0x4800</value>
      </symbol>
      <symbol id="sm-325">
         <name>fram_ipe_end</name>
         <value>0x4800</value>
      </symbol>
      <symbol id="sm-326">
         <name>fram_rx_start</name>
         <value>0x4800</value>
      </symbol>
      <symbol id="sm-327">
         <name>__TI_CINIT_Base</name>
         <value>0x441c</value>
      </symbol>
      <symbol id="sm-328">
         <name>__TI_CINIT_Limit</name>
         <value>0x442c</value>
      </symbol>
      <symbol id="sm-329">
         <name>__TI_Handler_Table_Base</name>
         <value>0x4400</value>
      </symbol>
      <symbol id="sm-32a">
         <name>__TI_Handler_Table_Limit</name>
         <value>0x440c</value>
      </symbol>
      <symbol id="sm-32b">
         <name>__STACK_SIZE</name>
         <value>0xa0</value>
      </symbol>
      <symbol id="sm-32c">
         <name>__STACK_END</name>
         <value>0x2400</value>
      </symbol>
      <symbol id="sm-32d">
         <name>__c_args__</name>
         <value>0xffffffff</value>
      </symbol>
      <symbol id="sm-32e">
         <name>__TI_pprof_out_hndl</name>
         <value>0xffffffff</value>
      </symbol>
      <symbol id="sm-32f">
         <name>__TI_prof_data_start</name>
         <value>0xffffffff</value>
      </symbol>
      <symbol id="sm-330">
         <name>__TI_prof_data_size</name>
         <value>0xffffffff</value>
      </symbol>
      <symbol id="sm-3ed">
         <name>FRAM_TEMP_write_ptr</name>
         <value>0x1c0c</value>
      </symbol>
      <symbol id="sm-3ee">
         <name>FRAM_BAT_write_ptr</name>
         <value>0x1c08</value>
      </symbol>
      <symbol id="sm-3ef">
         <name>storageDone</name>
         <value>0x1c10</value>
      </symbol>
      <symbol id="sm-3f0">
         <name>FRAM_index_ptr</name>
         <value>0x1c20</value>
         <object_component_ref idref="oc-5fc"/>
      </symbol>
      <symbol id="sm-3f1">
         <name>timeStamp</name>
         <value>0xf002</value>
         <object_component_ref idref="oc-675"/>
      </symbol>
      <symbol id="sm-3f2">
         <name>storeTimeStamp</name>
         <value>0x56ca</value>
         <object_component_ref idref="oc-4fa"/>
      </symbol>
      <symbol id="sm-3f3">
         <name>framLog</name>
         <value>0x4800</value>
         <object_component_ref idref="oc-4dc"/>
      </symbol>
      <symbol id="sm-3f4">
         <name>transmitFRAMData</name>
         <value>0x4d20</value>
         <object_component_ref idref="oc-51b"/>
      </symbol>
      <symbol id="sm-3f5">
         <name>dataArray</name>
         <value>0x9000</value>
         <object_component_ref idref="oc-500"/>
      </symbol>
      <symbol id="sm-417">
         <name>liveTemp</name>
         <value>0x4a26</value>
         <object_component_ref idref="oc-521"/>
      </symbol>
      <symbol id="sm-4aa">
         <name>calendar</name>
         <value>0x1c00</value>
      </symbol>
      <symbol id="sm-4ab">
         <name>__TI_int39</name>
         <value>0xffde</value>
         <object_component_ref idref="oc-7f"/>
      </symbol>
      <symbol id="sm-4ac">
         <name>Init_GPIO</name>
         <value>0x4f50</value>
         <object_component_ref idref="oc-4c4"/>
      </symbol>
      <symbol id="sm-4ad">
         <name>__TI_int48</name>
         <value>0xfff0</value>
         <object_component_ref idref="oc-88"/>
      </symbol>
      <symbol id="sm-4ae">
         <name>__TI_int46</name>
         <value>0xffec</value>
         <object_component_ref idref="oc-86"/>
      </symbol>
      <symbol id="sm-4af">
         <name>__TI_int45</name>
         <value>0xffea</value>
         <object_component_ref idref="oc-85"/>
      </symbol>
      <symbol id="sm-4b0">
         <name>sendTimeStamp</name>
         <value>0x54b2</value>
         <object_component_ref idref="oc-515"/>
      </symbol>
      <symbol id="sm-4b1">
         <name>Port_1</name>
         <value>0x5a20</value>
         <object_component_ref idref="oc-418"/>
      </symbol>
      <symbol id="sm-4b2">
         <name>ADC12_ISR</name>
         <value>0x57e4</value>
         <object_component_ref idref="oc-424"/>
      </symbol>
      <symbol id="sm-4b3">
         <name>USCI_A0_ISR</name>
         <value>0x57b8</value>
         <object_component_ref idref="oc-42a"/>
      </symbol>
      <symbol id="sm-4b4">
         <name>Init_Clock</name>
         <value>0x559a</value>
         <object_component_ref idref="oc-4e8"/>
      </symbol>
      <symbol id="sm-4b5">
         <name>RXData</name>
         <value>0x1c1a</value>
         <object_component_ref idref="oc-482"/>
      </symbol>
      <symbol id="sm-4b6">
         <name>enterLPM35</name>
         <value>0x56fe</value>
         <object_component_ref idref="oc-509"/>
      </symbol>
      <symbol id="sm-4b7">
         <name>main</name>
         <value>0x4bc8</value>
         <object_component_ref idref="oc-457"/>
      </symbol>
      <symbol id="sm-4b8">
         <name>pingHost</name>
         <value>0x1c1e</value>
         <object_component_ref idref="oc-482"/>
      </symbol>
      <symbol id="sm-4b9">
         <name>sendAckToPC</name>
         <value>0x55dc</value>
         <object_component_ref idref="oc-4f4"/>
      </symbol>
      <symbol id="sm-4ba">
         <name>Init_UART</name>
         <value>0x523e</value>
         <object_component_ref idref="oc-4ee"/>
      </symbol>
      <symbol id="sm-4bb">
         <name>mode</name>
         <value>0x1c1c</value>
         <object_component_ref idref="oc-482"/>
      </symbol>
      <symbol id="sm-4bc">
         <name>sendCalibrationConstants</name>
         <value>0x52b0</value>
         <object_component_ref idref="oc-50f"/>
      </symbol>
      <symbol id="sm-4bd">
         <name>Init_RTC</name>
         <value>0x5452</value>
         <object_component_ref idref="oc-4d6"/>
      </symbol>
      <symbol id="sm-4be">
         <name>_system_pre_init</name>
         <value>0x5a9a</value>
         <object_component_ref idref="oc-437"/>
      </symbol>
      <symbol id="sm-4bf">
         <name>TIMER0_A0_ISR</name>
         <value>0x5ac2</value>
         <object_component_ref idref="oc-41e"/>
      </symbol>
      <symbol id="sm-4fc">
         <name>ADC12_B_configureMemory</name>
         <value>0x5504</value>
         <object_component_ref idref="oc-5b7"/>
      </symbol>
      <symbol id="sm-4fd">
         <name>ADC12_B_init</name>
         <value>0x4eb8</value>
         <object_component_ref idref="oc-5a2"/>
      </symbol>
      <symbol id="sm-4fe">
         <name>ADC12_B_enable</name>
         <value>0x5a5e</value>
         <object_component_ref idref="oc-5a8"/>
      </symbol>
      <symbol id="sm-4ff">
         <name>ADC12_B_clearInterrupt</name>
         <value>0x59c2</value>
         <object_component_ref idref="oc-5bd"/>
      </symbol>
      <symbol id="sm-500">
         <name>ADC12_B_disable</name>
         <value>0x5a52</value>
         <object_component_ref idref="oc-5f6"/>
      </symbol>
      <symbol id="sm-501">
         <name>ADC12_B_setupSamplingTimer</name>
         <value>0x580e</value>
         <object_component_ref idref="oc-5ae"/>
      </symbol>
      <symbol id="sm-502">
         <name>ADC12_B_enableInterrupt</name>
         <value>0x5834</value>
         <object_component_ref idref="oc-5c3"/>
      </symbol>
      <symbol id="sm-503">
         <name>ADC12_B_startConversion</name>
         <value>0x561e</value>
         <object_component_ref idref="oc-5f0"/>
      </symbol>
      <symbol id="sm-536">
         <name>CS_turnOnLFXT</name>
         <value>0x565c</value>
         <object_component_ref idref="oc-639"/>
      </symbol>
      <symbol id="sm-537">
         <name>CS_setDCOFreq</name>
         <value>0x59ea</value>
         <object_component_ref idref="oc-627"/>
      </symbol>
      <symbol id="sm-538">
         <name>CS_setExternalClockSource</name>
         <value>0x59fc</value>
         <object_component_ref idref="oc-62d"/>
      </symbol>
      <symbol id="sm-539">
         <name>CS_initClockSignal</name>
         <value>0x5388</value>
         <object_component_ref idref="oc-633"/>
      </symbol>
      <symbol id="sm-579">
         <name>EUSCI_A_UART_enableInterrupt</name>
         <value>0x587c</value>
         <object_component_ref idref="oc-655"/>
      </symbol>
      <symbol id="sm-57a">
         <name>EUSCI_A_UART_queryStatusFlags</name>
         <value>0x5aa6</value>
         <object_component_ref idref="oc-66d"/>
      </symbol>
      <symbol id="sm-57b">
         <name>EUSCI_A_UART_init</name>
         <value>0x4e1e</value>
         <object_component_ref idref="oc-643"/>
      </symbol>
      <symbol id="sm-57c">
         <name>EUSCI_A_UART_enable</name>
         <value>0x5ad2</value>
         <object_component_ref idref="oc-649"/>
      </symbol>
      <symbol id="sm-57d">
         <name>EUSCI_A_UART_receiveData</name>
         <value>0x58c0</value>
         <object_component_ref idref="oc-488"/>
      </symbol>
      <symbol id="sm-57e">
         <name>EUSCI_A_UART_clearInterrupt</name>
         <value>0x5a44</value>
         <object_component_ref idref="oc-64f"/>
      </symbol>
      <symbol id="sm-57f">
         <name>EUSCI_A_UART_transmitData</name>
         <value>0x589e</value>
         <object_component_ref idref="oc-667"/>
      </symbol>
      <symbol id="sm-5e5">
         <name>GPIO_clearInterrupt</name>
         <value>0x5900</value>
         <object_component_ref idref="oc-4e2"/>
      </symbol>
      <symbol id="sm-5e6">
         <name>GPIO_setOutputHighOnPin</name>
         <value>0x593c</value>
         <object_component_ref idref="oc-4ca"/>
      </symbol>
      <symbol id="sm-5e7">
         <name>GPIO_selectInterruptEdge</name>
         <value>0x5730</value>
         <object_component_ref idref="oc-603"/>
      </symbol>
      <symbol id="sm-5e8">
         <name>GPIO_setAsInputPinWithPullUpResistor</name>
         <value>0x5550</value>
         <object_component_ref idref="oc-609"/>
      </symbol>
      <symbol id="sm-5e9">
         <name>GPIO_enableInterrupt</name>
         <value>0x591e</value>
         <object_component_ref idref="oc-60f"/>
      </symbol>
      <symbol id="sm-5ea">
         <name>GPIO_setAsOutputPin</name>
         <value>0x5696</value>
         <object_component_ref idref="oc-565"/>
      </symbol>
      <symbol id="sm-5eb">
         <name>GPIO_setOutputLowOnPin</name>
         <value>0x5958</value>
         <object_component_ref idref="oc-503"/>
      </symbol>
      <symbol id="sm-5ec">
         <name>GPIO_toggleOutputOnPin</name>
         <value>0x5974</value>
         <object_component_ref idref="oc-4d0"/>
      </symbol>
      <symbol id="sm-5ed">
         <name>GPIO_setAsPeripheralModuleFunctionOutputPin</name>
         <value>0x51cc</value>
         <object_component_ref idref="oc-661"/>
      </symbol>
      <symbol id="sm-5ee">
         <name>GPIO_setAsPeripheralModuleFunctionInputPin</name>
         <value>0x515a</value>
         <object_component_ref idref="oc-56b"/>
      </symbol>
      <symbol id="sm-601">
         <name>PMM_unlockLPM5</name>
         <value>0x5ad8</value>
         <object_component_ref idref="oc-571"/>
      </symbol>
      <symbol id="sm-602">
         <name>PMM_turnOffRegulator</name>
         <value>0x5a0e</value>
         <object_component_ref idref="oc-615"/>
      </symbol>
      <symbol id="sm-621">
         <name>Ref_A_enableReferenceVoltage</name>
         <value>0x5ade</value>
         <object_component_ref idref="oc-5db"/>
      </symbol>
      <symbol id="sm-622">
         <name>Ref_A_setReferenceVoltage</name>
         <value>0x5a82</value>
         <object_component_ref idref="oc-5d5"/>
      </symbol>
      <symbol id="sm-623">
         <name>Ref_A_enableTempSensor</name>
         <value>0x5ae4</value>
         <object_component_ref idref="oc-5cf"/>
      </symbol>
      <symbol id="sm-624">
         <name>Ref_A_isRefGenBusy</name>
         <value>0x5ab0</value>
         <object_component_ref idref="oc-5c9"/>
      </symbol>
      <symbol id="sm-652">
         <name>RTC_B_initCalendar</name>
         <value>0x5320</value>
         <object_component_ref idref="oc-580"/>
      </symbol>
      <symbol id="sm-653">
         <name>RTC_B_startClock</name>
         <value>0x5a76</value>
         <object_component_ref idref="oc-598"/>
      </symbol>
      <symbol id="sm-654">
         <name>RTC_B_enableInterrupt</name>
         <value>0x575e</value>
         <object_component_ref idref="oc-592"/>
      </symbol>
      <symbol id="sm-655">
         <name>RTC_B_clearInterrupt</name>
         <value>0x578c</value>
         <object_component_ref idref="oc-58c"/>
      </symbol>
      <symbol id="sm-656">
         <name>RTC_B_setCalendarEvent</name>
         <value>0x5a6a</value>
         <object_component_ref idref="oc-586"/>
      </symbol>
      <symbol id="sm-676">
         <name>Timer_A_setCompareValue</name>
         <value>0x5a8e</value>
         <object_component_ref idref="oc-689"/>
      </symbol>
      <symbol id="sm-677">
         <name>Timer_A_initUpMode</name>
         <value>0x5068</value>
         <object_component_ref idref="oc-5e4"/>
      </symbol>
      <symbol id="sm-678">
         <name>Timer_A_stop</name>
         <value>0x5aba</value>
         <object_component_ref idref="oc-5ea"/>
      </symbol>
      <symbol id="sm-683">
         <name>WDT_A_hold</name>
         <value>0x58e0</value>
         <object_component_ref idref="oc-496"/>
      </symbol>
      <symbol id="sm-6a1">
         <name>__TI_decompress_lzss</name>
         <value>0x50e4</value>
         <object_component_ref idref="oc-6a"/>
      </symbol>
      <symbol id="sm-6b7">
         <name>__TI_decompress_none</name>
         <value>0x5a32</value>
         <object_component_ref idref="oc-70"/>
      </symbol>
      <symbol id="sm-6ba">
         <name>__TI_int30</name>
         <value>0xffcc</value>
         <object_component_ref idref="oc-76"/>
      </symbol>
      <symbol id="sm-6c2">
         <name>__TI_ISR_TRAP</name>
         <value>0x5aca</value>
         <object_component_ref idref="oc-413"/>
      </symbol>
      <symbol id="sm-6c5">
         <name>__TI_int31</name>
         <value>0xffce</value>
         <object_component_ref idref="oc-77"/>
      </symbol>
      <symbol id="sm-6c8">
         <name>__TI_int32</name>
         <value>0xffd0</value>
         <object_component_ref idref="oc-78"/>
      </symbol>
      <symbol id="sm-6cb">
         <name>__TI_int33</name>
         <value>0xffd2</value>
         <object_component_ref idref="oc-79"/>
      </symbol>
      <symbol id="sm-6ce">
         <name>__TI_int34</name>
         <value>0xffd4</value>
         <object_component_ref idref="oc-7a"/>
      </symbol>
      <symbol id="sm-6d1">
         <name>__TI_int35</name>
         <value>0xffd6</value>
         <object_component_ref idref="oc-7b"/>
      </symbol>
      <symbol id="sm-6d4">
         <name>__TI_int36</name>
         <value>0xffd8</value>
         <object_component_ref idref="oc-7c"/>
      </symbol>
      <symbol id="sm-6d7">
         <name>__TI_int37</name>
         <value>0xffda</value>
         <object_component_ref idref="oc-7d"/>
      </symbol>
      <symbol id="sm-6da">
         <name>__TI_int38</name>
         <value>0xffdc</value>
         <object_component_ref idref="oc-7e"/>
      </symbol>
      <symbol id="sm-6dd">
         <name>__TI_int40</name>
         <value>0xffe0</value>
         <object_component_ref idref="oc-80"/>
      </symbol>
      <symbol id="sm-6e0">
         <name>__TI_int41</name>
         <value>0xffe2</value>
         <object_component_ref idref="oc-81"/>
      </symbol>
      <symbol id="sm-6e3">
         <name>__TI_int42</name>
         <value>0xffe4</value>
         <object_component_ref idref="oc-82"/>
      </symbol>
      <symbol id="sm-6e6">
         <name>__TI_int43</name>
         <value>0xffe6</value>
         <object_component_ref idref="oc-83"/>
      </symbol>
      <symbol id="sm-6e9">
         <name>__TI_int44</name>
         <value>0xffe8</value>
         <object_component_ref idref="oc-84"/>
      </symbol>
      <symbol id="sm-6ec">
         <name>__TI_int47</name>
         <value>0xffee</value>
         <object_component_ref idref="oc-87"/>
      </symbol>
      <symbol id="sm-6ef">
         <name>__TI_int49</name>
         <value>0xfff2</value>
         <object_component_ref idref="oc-89"/>
      </symbol>
      <symbol id="sm-6f2">
         <name>__TI_int50</name>
         <value>0xfff4</value>
         <object_component_ref idref="oc-8a"/>
      </symbol>
      <symbol id="sm-6f5">
         <name>__TI_int51</name>
         <value>0xfff6</value>
         <object_component_ref idref="oc-8b"/>
      </symbol>
      <symbol id="sm-6f8">
         <name>__TI_int52</name>
         <value>0xfff8</value>
         <object_component_ref idref="oc-8c"/>
      </symbol>
      <symbol id="sm-6fb">
         <name>__TI_int53</name>
         <value>0xfffa</value>
         <object_component_ref idref="oc-8d"/>
      </symbol>
      <symbol id="sm-6fe">
         <name>__TI_int54</name>
         <value>0xfffc</value>
         <object_component_ref idref="oc-8e"/>
      </symbol>
      <symbol id="sm-711">
         <name>__TI_zero_init</name>
         <value>0x5858</value>
         <object_component_ref idref="oc-8f"/>
      </symbol>
      <symbol id="sm-71d">
         <name>__mspabi_mpyi_f5hw</name>
         <value>0x59aa</value>
         <object_component_ref idref="oc-536"/>
      </symbol>
      <symbol id="sm-72a">
         <name>_stack</name>
         <value>0x2360</value>
         <object_component_ref idref="oc-3f7"/>
      </symbol>
      <symbol id="sm-72b">
         <name>_reset_vector</name>
         <value>0xfffe</value>
         <object_component_ref idref="oc-3fa"/>
      </symbol>
      <symbol id="sm-74e">
         <name>_auto_init_hold_wdt</name>
         <value>0x4fe6</value>
         <object_component_ref idref="oc-43d"/>
      </symbol>
      <symbol id="sm-758">
         <name>_c_int00_noargs_noexit</name>
         <value>0x5990</value>
         <object_component_ref idref="oc-ad"/>
      </symbol>
      <symbol id="sm-762">
         <name>_system_post_cinit</name>
         <value>0x5af0</value>
         <object_component_ref idref="oc-4a3"/>
      </symbol>
      <symbol id="sm-76c">
         <name>C$$EXIT</name>
         <value>0x5aea</value>
         <object_component_ref idref="oc-45f"/>
      </symbol>
      <symbol id="sm-76d">
         <name>abort</name>
         <value>0x5aea</value>
         <object_component_ref idref="oc-45f"/>
      </symbol>
      <symbol id="sm-78a">
         <name>copy_in</name>
         <value>0x53ee</value>
         <object_component_ref idref="oc-49d"/>
      </symbol>
      <symbol id="sm-799">
         <name>memcpy</name>
         <value>0x59d6</value>
         <object_component_ref idref="oc-406"/>
      </symbol>
      <symbol id="sm-79b">
         <name>__TI_BINIT_Base</name>
         <value>0x0</value>
      </symbol>
      <symbol id="sm-79c">
         <name>__TI_BINIT_Limit</name>
         <value>0x0</value>
      </symbol>
      <symbol id="sm-79d">
         <name>__TI_INITARRAY_Base</name>
         <value>0x0</value>
      </symbol>
      <symbol id="sm-79e">
         <name>__TI_INITARRAY_Limit</name>
         <value>0x0</value>
      </symbol>
   </symbol_table>
   <title>Link successful</title>
</link_info>
