<?xml version="1.0"?>
<link_info>
   <banner>MSP430 Linker PC v16.9.6.LTS</banner>
   <copyright>Copyright (c) 2003-2017 Texas Instruments Incorporated</copyright>
   <link_time>0x5abaa6b4</link_time>
   <link_errors>0x0</link_errors>
   <output_file>OutOfBox_MSP430FR5969.out</output_file>
   <entry_point>
      <name>_c_int00_noargs_noexit</name>
      <address>0x584a</address>
   </entry_point>
   <input_file_list>
      <input_file id="fl-2">
         <path>.\</path>
         <kind>object</kind>
         <file>FRAMLogMode.obj</file>
         <name>FRAMLogMode.obj</name>
      </input_file>
      <input_file id="fl-3">
         <path>.\</path>
         <kind>object</kind>
         <file>LiveTempMode.obj</file>
         <name>LiveTempMode.obj</name>
      </input_file>
      <input_file id="fl-4">
         <path>.\</path>
         <kind>object</kind>
         <file>main.obj</file>
         <name>main.obj</name>
      </input_file>
      <input_file id="fl-5">
         <path>.\driverlib\MSP430FR5xx_6xx\</path>
         <kind>object</kind>
         <file>adc12_b.obj</file>
         <name>adc12_b.obj</name>
      </input_file>
      <input_file id="fl-6">
         <path>.\driverlib\MSP430FR5xx_6xx\</path>
         <kind>object</kind>
         <file>aes256.obj</file>
         <name>aes256.obj</name>
      </input_file>
      <input_file id="fl-7">
         <path>.\driverlib\MSP430FR5xx_6xx\</path>
         <kind>object</kind>
         <file>comp_e.obj</file>
         <name>comp_e.obj</name>
      </input_file>
      <input_file id="fl-8">
         <path>.\driverlib\MSP430FR5xx_6xx\</path>
         <kind>object</kind>
         <file>crc.obj</file>
         <name>crc.obj</name>
      </input_file>
      <input_file id="fl-9">
         <path>.\driverlib\MSP430FR5xx_6xx\</path>
         <kind>object</kind>
         <file>crc32.obj</file>
         <name>crc32.obj</name>
      </input_file>
      <input_file id="fl-a">
         <path>.\driverlib\MSP430FR5xx_6xx\</path>
         <kind>object</kind>
         <file>cs.obj</file>
         <name>cs.obj</name>
      </input_file>
      <input_file id="fl-b">
         <path>.\driverlib\MSP430FR5xx_6xx\</path>
         <kind>object</kind>
         <file>dma.obj</file>
         <name>dma.obj</name>
      </input_file>
      <input_file id="fl-c">
         <path>.\driverlib\MSP430FR5xx_6xx\</path>
         <kind>object</kind>
         <file>esi.obj</file>
         <name>esi.obj</name>
      </input_file>
      <input_file id="fl-d">
         <path>.\driverlib\MSP430FR5xx_6xx\</path>
         <kind>object</kind>
         <file>eusci_a_spi.obj</file>
         <name>eusci_a_spi.obj</name>
      </input_file>
      <input_file id="fl-e">
         <path>.\driverlib\MSP430FR5xx_6xx\</path>
         <kind>object</kind>
         <file>eusci_a_uart.obj</file>
         <name>eusci_a_uart.obj</name>
      </input_file>
      <input_file id="fl-f">
         <path>.\driverlib\MSP430FR5xx_6xx\</path>
         <kind>object</kind>
         <file>eusci_b_i2c.obj</file>
         <name>eusci_b_i2c.obj</name>
      </input_file>
      <input_file id="fl-10">
         <path>.\driverlib\MSP430FR5xx_6xx\</path>
         <kind>object</kind>
         <file>eusci_b_spi.obj</file>
         <name>eusci_b_spi.obj</name>
      </input_file>
      <input_file id="fl-11">
         <path>.\driverlib\MSP430FR5xx_6xx\</path>
         <kind>object</kind>
         <file>framctl.obj</file>
         <name>framctl.obj</name>
      </input_file>
      <input_file id="fl-12">
         <path>.\driverlib\MSP430FR5xx_6xx\</path>
         <kind>object</kind>
         <file>gpio.obj</file>
         <name>gpio.obj</name>
      </input_file>
      <input_file id="fl-13">
         <path>.\driverlib\MSP430FR5xx_6xx\</path>
         <kind>object</kind>
         <file>lcd_c.obj</file>
         <name>lcd_c.obj</name>
      </input_file>
      <input_file id="fl-14">
         <path>.\driverlib\MSP430FR5xx_6xx\</path>
         <kind>object</kind>
         <file>mpu.obj</file>
         <name>mpu.obj</name>
      </input_file>
      <input_file id="fl-15">
         <path>.\driverlib\MSP430FR5xx_6xx\</path>
         <kind>object</kind>
         <file>mpy32.obj</file>
         <name>mpy32.obj</name>
      </input_file>
      <input_file id="fl-16">
         <path>.\driverlib\MSP430FR5xx_6xx\</path>
         <kind>object</kind>
         <file>pmm.obj</file>
         <name>pmm.obj</name>
      </input_file>
      <input_file id="fl-17">
         <path>.\driverlib\MSP430FR5xx_6xx\</path>
         <kind>object</kind>
         <file>ram.obj</file>
         <name>ram.obj</name>
      </input_file>
      <input_file id="fl-18">
         <path>.\driverlib\MSP430FR5xx_6xx\</path>
         <kind>object</kind>
         <file>ref_a.obj</file>
         <name>ref_a.obj</name>
      </input_file>
      <input_file id="fl-19">
         <path>.\driverlib\MSP430FR5xx_6xx\</path>
         <kind>object</kind>
         <file>rtc_b.obj</file>
         <name>rtc_b.obj</name>
      </input_file>
      <input_file id="fl-1a">
         <path>.\driverlib\MSP430FR5xx_6xx\</path>
         <kind>object</kind>
         <file>rtc_c.obj</file>
         <name>rtc_c.obj</name>
      </input_file>
      <input_file id="fl-1b">
         <path>.\driverlib\MSP430FR5xx_6xx\</path>
         <kind>object</kind>
         <file>sfr.obj</file>
         <name>sfr.obj</name>
      </input_file>
      <input_file id="fl-1c">
         <path>.\driverlib\MSP430FR5xx_6xx\</path>
         <kind>object</kind>
         <file>sysctl.obj</file>
         <name>sysctl.obj</name>
      </input_file>
      <input_file id="fl-1d">
         <path>.\driverlib\MSP430FR5xx_6xx\</path>
         <kind>object</kind>
         <file>timer_a.obj</file>
         <name>timer_a.obj</name>
      </input_file>
      <input_file id="fl-1e">
         <path>.\driverlib\MSP430FR5xx_6xx\</path>
         <kind>object</kind>
         <file>timer_b.obj</file>
         <name>timer_b.obj</name>
      </input_file>
      <input_file id="fl-1f">
         <path>.\driverlib\MSP430FR5xx_6xx\</path>
         <kind>object</kind>
         <file>tlv.obj</file>
         <name>tlv.obj</name>
      </input_file>
      <input_file id="fl-20">
         <path>.\driverlib\MSP430FR5xx_6xx\</path>
         <kind>object</kind>
         <file>wdt_a.obj</file>
         <name>wdt_a.obj</name>
      </input_file>
      <input_file id="fl-27">
         <kind>object</kind>
         <file>&lt;internal&gt;</file>
         <name>&lt;internal&gt;</name>
      </input_file>
      <input_file id="fl-47">
         <path>C:\ti\ccsv7\tools\compiler\ti-cgt-msp430_16.9.6.LTS\lib\</path>
         <kind>archive</kind>
         <file>rts430x_lc_rd_eabi.lib</file>
         <name>copy_decompress_lzss.obj</name>
      </input_file>
      <input_file id="fl-48">
         <path>C:\ti\ccsv7\tools\compiler\ti-cgt-msp430_16.9.6.LTS\lib\</path>
         <kind>archive</kind>
         <file>rts430x_lc_rd_eabi.lib</file>
         <name>copy_decompress_none.obj</name>
      </input_file>
      <input_file id="fl-49">
         <path>C:\ti\ccsv7\tools\compiler\ti-cgt-msp430_16.9.6.LTS\lib\</path>
         <kind>archive</kind>
         <file>rts430x_lc_rd_eabi.lib</file>
         <name>int30.obj</name>
      </input_file>
      <input_file id="fl-4a">
         <path>C:\ti\ccsv7\tools\compiler\ti-cgt-msp430_16.9.6.LTS\lib\</path>
         <kind>archive</kind>
         <file>rts430x_lc_rd_eabi.lib</file>
         <name>isr_trap.obj</name>
      </input_file>
      <input_file id="fl-4b">
         <path>C:\ti\ccsv7\tools\compiler\ti-cgt-msp430_16.9.6.LTS\lib\</path>
         <kind>archive</kind>
         <file>rts430x_lc_rd_eabi.lib</file>
         <name>int31.obj</name>
      </input_file>
      <input_file id="fl-4c">
         <path>C:\ti\ccsv7\tools\compiler\ti-cgt-msp430_16.9.6.LTS\lib\</path>
         <kind>archive</kind>
         <file>rts430x_lc_rd_eabi.lib</file>
         <name>int32.obj</name>
      </input_file>
      <input_file id="fl-4d">
         <path>C:\ti\ccsv7\tools\compiler\ti-cgt-msp430_16.9.6.LTS\lib\</path>
         <kind>archive</kind>
         <file>rts430x_lc_rd_eabi.lib</file>
         <name>int33.obj</name>
      </input_file>
      <input_file id="fl-4e">
         <path>C:\ti\ccsv7\tools\compiler\ti-cgt-msp430_16.9.6.LTS\lib\</path>
         <kind>archive</kind>
         <file>rts430x_lc_rd_eabi.lib</file>
         <name>int34.obj</name>
      </input_file>
      <input_file id="fl-4f">
         <path>C:\ti\ccsv7\tools\compiler\ti-cgt-msp430_16.9.6.LTS\lib\</path>
         <kind>archive</kind>
         <file>rts430x_lc_rd_eabi.lib</file>
         <name>int35.obj</name>
      </input_file>
      <input_file id="fl-50">
         <path>C:\ti\ccsv7\tools\compiler\ti-cgt-msp430_16.9.6.LTS\lib\</path>
         <kind>archive</kind>
         <file>rts430x_lc_rd_eabi.lib</file>
         <name>int36.obj</name>
      </input_file>
      <input_file id="fl-51">
         <path>C:\ti\ccsv7\tools\compiler\ti-cgt-msp430_16.9.6.LTS\lib\</path>
         <kind>archive</kind>
         <file>rts430x_lc_rd_eabi.lib</file>
         <name>int37.obj</name>
      </input_file>
      <input_file id="fl-52">
         <path>C:\ti\ccsv7\tools\compiler\ti-cgt-msp430_16.9.6.LTS\lib\</path>
         <kind>archive</kind>
         <file>rts430x_lc_rd_eabi.lib</file>
         <name>int38.obj</name>
      </input_file>
      <input_file id="fl-53">
         <path>C:\ti\ccsv7\tools\compiler\ti-cgt-msp430_16.9.6.LTS\lib\</path>
         <kind>archive</kind>
         <file>rts430x_lc_rd_eabi.lib</file>
         <name>int40.obj</name>
      </input_file>
      <input_file id="fl-54">
         <path>C:\ti\ccsv7\tools\compiler\ti-cgt-msp430_16.9.6.LTS\lib\</path>
         <kind>archive</kind>
         <file>rts430x_lc_rd_eabi.lib</file>
         <name>int41.obj</name>
      </input_file>
      <input_file id="fl-55">
         <path>C:\ti\ccsv7\tools\compiler\ti-cgt-msp430_16.9.6.LTS\lib\</path>
         <kind>archive</kind>
         <file>rts430x_lc_rd_eabi.lib</file>
         <name>int42.obj</name>
      </input_file>
      <input_file id="fl-56">
         <path>C:\ti\ccsv7\tools\compiler\ti-cgt-msp430_16.9.6.LTS\lib\</path>
         <kind>archive</kind>
         <file>rts430x_lc_rd_eabi.lib</file>
         <name>int43.obj</name>
      </input_file>
      <input_file id="fl-57">
         <path>C:\ti\ccsv7\tools\compiler\ti-cgt-msp430_16.9.6.LTS\lib\</path>
         <kind>archive</kind>
         <file>rts430x_lc_rd_eabi.lib</file>
         <name>int44.obj</name>
      </input_file>
      <input_file id="fl-58">
         <path>C:\ti\ccsv7\tools\compiler\ti-cgt-msp430_16.9.6.LTS\lib\</path>
         <kind>archive</kind>
         <file>rts430x_lc_rd_eabi.lib</file>
         <name>int47.obj</name>
      </input_file>
      <input_file id="fl-59">
         <path>C:\ti\ccsv7\tools\compiler\ti-cgt-msp430_16.9.6.LTS\lib\</path>
         <kind>archive</kind>
         <file>rts430x_lc_rd_eabi.lib</file>
         <name>int49.obj</name>
      </input_file>
      <input_file id="fl-5a">
         <path>C:\ti\ccsv7\tools\compiler\ti-cgt-msp430_16.9.6.LTS\lib\</path>
         <kind>archive</kind>
         <file>rts430x_lc_rd_eabi.lib</file>
         <name>int50.obj</name>
      </input_file>
      <input_file id="fl-5b">
         <path>C:\ti\ccsv7\tools\compiler\ti-cgt-msp430_16.9.6.LTS\lib\</path>
         <kind>archive</kind>
         <file>rts430x_lc_rd_eabi.lib</file>
         <name>int51.obj</name>
      </input_file>
      <input_file id="fl-5c">
         <path>C:\ti\ccsv7\tools\compiler\ti-cgt-msp430_16.9.6.LTS\lib\</path>
         <kind>archive</kind>
         <file>rts430x_lc_rd_eabi.lib</file>
         <name>int52.obj</name>
      </input_file>
      <input_file id="fl-5d">
         <path>C:\ti\ccsv7\tools\compiler\ti-cgt-msp430_16.9.6.LTS\lib\</path>
         <kind>archive</kind>
         <file>rts430x_lc_rd_eabi.lib</file>
         <name>int53.obj</name>
      </input_file>
      <input_file id="fl-5e">
         <path>C:\ti\ccsv7\tools\compiler\ti-cgt-msp430_16.9.6.LTS\lib\</path>
         <kind>archive</kind>
         <file>rts430x_lc_rd_eabi.lib</file>
         <name>int54.obj</name>
      </input_file>
      <input_file id="fl-5f">
         <path>C:\ti\ccsv7\tools\compiler\ti-cgt-msp430_16.9.6.LTS\lib\</path>
         <kind>archive</kind>
         <file>rts430x_lc_rd_eabi.lib</file>
         <name>copy_zero_init.obj</name>
      </input_file>
      <input_file id="fl-60">
         <path>C:\ti\ccsv7\tools\compiler\ti-cgt-msp430_16.9.6.LTS\lib\</path>
         <kind>archive</kind>
         <file>rts430x_lc_rd_eabi.lib</file>
         <name>div16s.obj</name>
      </input_file>
      <input_file id="fl-61">
         <path>C:\ti\ccsv7\tools\compiler\ti-cgt-msp430_16.9.6.LTS\lib\</path>
         <kind>archive</kind>
         <file>rts430x_lc_rd_eabi.lib</file>
         <name>div32s.obj</name>
      </input_file>
      <input_file id="fl-62">
         <path>C:\ti\ccsv7\tools\compiler\ti-cgt-msp430_16.9.6.LTS\lib\</path>
         <kind>archive</kind>
         <file>rts430x_lc_rd_eabi.lib</file>
         <name>div16u.obj</name>
      </input_file>
      <input_file id="fl-63">
         <path>C:\ti\ccsv7\tools\compiler\ti-cgt-msp430_16.9.6.LTS\lib\</path>
         <kind>archive</kind>
         <file>rts430x_lc_rd_eabi.lib</file>
         <name>div32u.obj</name>
      </input_file>
      <input_file id="fl-64">
         <path>C:\ti\ccsv7\tools\compiler\ti-cgt-msp430_16.9.6.LTS\lib\</path>
         <kind>archive</kind>
         <file>rts430x_lc_rd_eabi.lib</file>
         <name>mult16_f5hw.obj</name>
      </input_file>
      <input_file id="fl-65">
         <path>C:\ti\ccsv7\tools\compiler\ti-cgt-msp430_16.9.6.LTS\lib\</path>
         <kind>archive</kind>
         <file>rts430x_lc_rd_eabi.lib</file>
         <name>mult32_f5hw.obj</name>
      </input_file>
      <input_file id="fl-66">
         <path>C:\ti\ccsv7\tools\compiler\ti-cgt-msp430_16.9.6.LTS\lib\</path>
         <kind>archive</kind>
         <file>rts430x_lc_rd_eabi.lib</file>
         <name>mult64_f5hw.obj</name>
      </input_file>
      <input_file id="fl-67">
         <path>C:\ti\ccsv7\tools\compiler\ti-cgt-msp430_16.9.6.LTS\lib\</path>
         <kind>archive</kind>
         <file>rts430x_lc_rd_eabi.lib</file>
         <name>mult1632_f5hw.obj</name>
      </input_file>
      <input_file id="fl-68">
         <path>C:\ti\ccsv7\tools\compiler\ti-cgt-msp430_16.9.6.LTS\lib\</path>
         <kind>archive</kind>
         <file>rts430x_lc_rd_eabi.lib</file>
         <name>mult3264_f5hw.obj</name>
      </input_file>
      <input_file id="fl-69">
         <path>C:\ti\ccsv7\tools\compiler\ti-cgt-msp430_16.9.6.LTS\lib\</path>
         <kind>archive</kind>
         <file>rts430x_lc_rd_eabi.lib</file>
         <name>lsl16.obj</name>
      </input_file>
      <input_file id="fl-6a">
         <path>C:\ti\ccsv7\tools\compiler\ti-cgt-msp430_16.9.6.LTS\lib\</path>
         <kind>archive</kind>
         <file>rts430x_lc_rd_eabi.lib</file>
         <name>boot.obj</name>
      </input_file>
      <input_file id="fl-6b">
         <path>C:\ti\ccsv7\tools\compiler\ti-cgt-msp430_16.9.6.LTS\lib\</path>
         <kind>archive</kind>
         <file>rts430x_lc_rd_eabi.lib</file>
         <name>args_main.obj</name>
      </input_file>
      <input_file id="fl-6c">
         <path>C:\ti\ccsv7\tools\compiler\ti-cgt-msp430_16.9.6.LTS\lib\</path>
         <kind>archive</kind>
         <file>rts430x_lc_rd_eabi.lib</file>
         <name>autoinit_wdt.obj</name>
      </input_file>
      <input_file id="fl-6d">
         <path>C:\ti\ccsv7\tools\compiler\ti-cgt-msp430_16.9.6.LTS\lib\</path>
         <kind>archive</kind>
         <file>rts430x_lc_rd_eabi.lib</file>
         <name>boot_special.obj</name>
      </input_file>
      <input_file id="fl-6e">
         <path>C:\ti\ccsv7\ccs_base\msp430\lib\FR59xx\</path>
         <kind>archive</kind>
         <file>MSPMPU_INIT_LIB_CCS_msp430_large_code_restricted_data.lib</file>
         <name>mpu_init.o</name>
      </input_file>
      <input_file id="fl-6f">
         <path>C:\ti\ccsv7\tools\compiler\ti-cgt-msp430_16.9.6.LTS\lib\</path>
         <kind>archive</kind>
         <file>rts430x_lc_rd_eabi.lib</file>
         <name>startup.obj</name>
      </input_file>
      <input_file id="fl-70">
         <path>C:\ti\ccsv7\tools\compiler\ti-cgt-msp430_16.9.6.LTS\lib\</path>
         <kind>archive</kind>
         <file>rts430x_lc_rd_eabi.lib</file>
         <name>exit.obj</name>
      </input_file>
      <input_file id="fl-71">
         <path>C:\ti\ccsv7\tools\compiler\ti-cgt-msp430_16.9.6.LTS\lib\</path>
         <kind>archive</kind>
         <file>rts430x_lc_rd_eabi.lib</file>
         <name>exit_gvars.obj</name>
      </input_file>
      <input_file id="fl-72">
         <path>C:\ti\ccsv7\tools\compiler\ti-cgt-msp430_16.9.6.LTS\lib\</path>
         <kind>archive</kind>
         <file>rts430x_lc_rd_eabi.lib</file>
         <name>_lock.obj</name>
      </input_file>
      <input_file id="fl-73">
         <path>C:\ti\ccsv7\tools\compiler\ti-cgt-msp430_16.9.6.LTS\lib\</path>
         <kind>archive</kind>
         <file>rts430x_lc_rd_eabi.lib</file>
         <name>cpy_tbl.obj</name>
      </input_file>
      <input_file id="fl-74">
         <path>C:\ti\ccsv7\tools\compiler\ti-cgt-msp430_16.9.6.LTS\lib\</path>
         <kind>archive</kind>
         <file>rts430x_lc_rd_eabi.lib</file>
         <name>mult16.obj</name>
      </input_file>
      <input_file id="fl-75">
         <path>C:\ti\ccsv7\tools\compiler\ti-cgt-msp430_16.9.6.LTS\lib\</path>
         <kind>archive</kind>
         <file>rts430x_lc_rd_eabi.lib</file>
         <name>memcpy.obj</name>
      </input_file>
   </input_file_list>
   <object_component_list>
      <object_component id="oc-736">
         <name>__TI_handler_table</name>
         <load_address>0x4400</load_address>
         <run_address>0x4400</run_address>
         <size>0xc</size>
      </object_component>
      <object_component id="oc-739">
         <name>.cinit..data.load</name>
         <load_address>0x440c</load_address>
         <run_address>0x440c</run_address>
         <size>0xa</size>
      </object_component>
      <object_component id="oc-738">
         <name>.cinit..bss.load</name>
         <load_address>0x4416</load_address>
         <run_address>0x4416</run_address>
         <size>0x6</size>
      </object_component>
      <object_component id="oc-737">
         <name>__TI_cinit_table</name>
         <load_address>0x441c</load_address>
         <run_address>0x441c</run_address>
         <size>0x10</size>
      </object_component>
      <object_component id="oc-572">
         <name>.const:GPIO_PORT_TO_BASE</name>
         <load_address>0x442c</load_address>
         <run_address>0x442c</run_address>
         <size>0x1c</size>
         <input_file_ref idref="fl-12"/>
      </object_component>
      <object_component id="oc-63a">
         <name>.const:$P$T0$1</name>
         <load_address>0x4448</load_address>
         <run_address>0x4448</run_address>
         <size>0x10</size>
         <input_file_ref idref="fl-4"/>
      </object_component>
      <object_component id="oc-5db">
         <name>.const:$P$T2$3</name>
         <load_address>0x4458</load_address>
         <run_address>0x4458</run_address>
         <size>0xe</size>
         <input_file_ref idref="fl-2"/>
      </object_component>
      <object_component id="oc-599">
         <name>.const:$P$T0$1</name>
         <load_address>0x4466</load_address>
         <run_address>0x4466</run_address>
         <size>0xa</size>
         <input_file_ref idref="fl-2"/>
      </object_component>
      <object_component id="oc-5ae">
         <name>.const:$P$T1$2</name>
         <load_address>0x4470</load_address>
         <run_address>0x4470</run_address>
         <size>0xa</size>
         <input_file_ref idref="fl-2"/>
      </object_component>
      <object_component id="oc-4dc">
         <name>.text:framLog</name>
         <load_address>0x4800</load_address>
         <run_address>0x4800</run_address>
         <size>0x226</size>
         <input_file_ref idref="fl-2"/>
      </object_component>
      <object_component id="oc-457">
         <name>.text:main</name>
         <load_address>0x4a26</load_address>
         <run_address>0x4a26</run_address>
         <size>0x1b4</size>
         <input_file_ref idref="fl-4"/>
      </object_component>
      <object_component id="oc-51b">
         <name>.text:transmitFRAMData</name>
         <load_address>0x4bda</load_address>
         <run_address>0x4bda</run_address>
         <size>0xfe</size>
         <input_file_ref idref="fl-2"/>
      </object_component>
      <object_component id="oc-63d">
         <name>.text:EUSCI_A_UART_init</name>
         <load_address>0x4cd8</load_address>
         <run_address>0x4cd8</run_address>
         <size>0x9a</size>
         <input_file_ref idref="fl-e"/>
      </object_component>
      <object_component id="oc-59c">
         <name>.text:ADC12_B_init</name>
         <load_address>0x4d72</load_address>
         <run_address>0x4d72</run_address>
         <size>0x98</size>
         <input_file_ref idref="fl-5"/>
      </object_component>
      <object_component id="oc-4c4">
         <name>.text:Init_GPIO</name>
         <load_address>0x4e0a</load_address>
         <run_address>0x4e0a</run_address>
         <size>0x96</size>
         <input_file_ref idref="fl-4"/>
      </object_component>
      <object_component id="oc-43d">
         <name>.text:_auto_init_hold_wdt</name>
         <load_address>0x4ea0</load_address>
         <run_address>0x4ea0</run_address>
         <size>0x82</size>
         <input_file_ref idref="fl-6c"/>
      </object_component>
      <object_component id="oc-5de">
         <name>.text:Timer_A_initUpMode</name>
         <load_address>0x4f22</load_address>
         <run_address>0x4f22</run_address>
         <size>0x7c</size>
         <input_file_ref idref="fl-1d"/>
      </object_component>
      <object_component id="oc-6a">
         <name>.text:decompress:lzss:__TI_decompress_lzss</name>
         <load_address>0x4f9e</load_address>
         <run_address>0x4f9e</run_address>
         <size>0x76</size>
         <input_file_ref idref="fl-47"/>
      </object_component>
      <object_component id="oc-565">
         <name>.text:GPIO_setAsPeripheralModuleFunctionInputPin</name>
         <load_address>0x5014</load_address>
         <run_address>0x5014</run_address>
         <size>0x72</size>
         <input_file_ref idref="fl-12"/>
      </object_component>
      <object_component id="oc-65b">
         <name>.text:GPIO_setAsPeripheralModuleFunctionOutputPin</name>
         <load_address>0x5086</load_address>
         <run_address>0x5086</run_address>
         <size>0x72</size>
         <input_file_ref idref="fl-12"/>
      </object_component>
      <object_component id="oc-4ee">
         <name>.text:Init_UART</name>
         <load_address>0x50f8</load_address>
         <run_address>0x50f8</run_address>
         <size>0x72</size>
         <input_file_ref idref="fl-4"/>
      </object_component>
      <object_component id="oc-50f">
         <name>.text:sendCalibrationConstants</name>
         <load_address>0x516a</load_address>
         <run_address>0x516a</run_address>
         <size>0x70</size>
         <input_file_ref idref="fl-4"/>
      </object_component>
      <object_component id="oc-57a">
         <name>.text:RTC_B_initCalendar</name>
         <load_address>0x51da</load_address>
         <run_address>0x51da</run_address>
         <size>0x68</size>
         <input_file_ref idref="fl-19"/>
      </object_component>
      <object_component id="oc-62d">
         <name>.text:CS_initClockSignal</name>
         <load_address>0x5242</load_address>
         <run_address>0x5242</run_address>
         <size>0x66</size>
         <input_file_ref idref="fl-a"/>
      </object_component>
      <object_component id="oc-49d">
         <name>.text:copy_in</name>
         <load_address>0x52a8</load_address>
         <run_address>0x52a8</run_address>
         <size>0x64</size>
         <input_file_ref idref="fl-73"/>
      </object_component>
      <object_component id="oc-4d6">
         <name>.text:Init_RTC</name>
         <load_address>0x530c</load_address>
         <run_address>0x530c</run_address>
         <size>0x60</size>
         <input_file_ref idref="fl-4"/>
      </object_component>
      <object_component id="oc-515">
         <name>.text:sendTimeStamp</name>
         <load_address>0x536c</load_address>
         <run_address>0x536c</run_address>
         <size>0x52</size>
         <input_file_ref idref="fl-4"/>
      </object_component>
      <object_component id="oc-5b1">
         <name>.text:ADC12_B_configureMemory</name>
         <load_address>0x53be</load_address>
         <run_address>0x53be</run_address>
         <size>0x4c</size>
         <input_file_ref idref="fl-5"/>
      </object_component>
      <object_component id="oc-603">
         <name>.text:GPIO_setAsInputPinWithPullUpResistor</name>
         <load_address>0x540a</load_address>
         <run_address>0x540a</run_address>
         <size>0x4a</size>
         <input_file_ref idref="fl-12"/>
      </object_component>
      <object_component id="oc-4e8">
         <name>.text:Init_Clock</name>
         <load_address>0x5454</load_address>
         <run_address>0x5454</run_address>
         <size>0x42</size>
         <input_file_ref idref="fl-4"/>
      </object_component>
      <object_component id="oc-4f4">
         <name>.text:sendAckToPC</name>
         <load_address>0x5496</load_address>
         <run_address>0x5496</run_address>
         <size>0x42</size>
         <input_file_ref idref="fl-4"/>
      </object_component>
      <object_component id="oc-5ea">
         <name>.text:ADC12_B_startConversion</name>
         <load_address>0x54d8</load_address>
         <run_address>0x54d8</run_address>
         <size>0x3e</size>
         <input_file_ref idref="fl-5"/>
      </object_component>
      <object_component id="oc-633">
         <name>.text:CS_turnOnLFXT</name>
         <load_address>0x5516</load_address>
         <run_address>0x5516</run_address>
         <size>0x3a</size>
         <input_file_ref idref="fl-a"/>
      </object_component>
      <object_component id="oc-55f">
         <name>.text:GPIO_setAsOutputPin</name>
         <load_address>0x5550</load_address>
         <run_address>0x5550</run_address>
         <size>0x34</size>
         <input_file_ref idref="fl-12"/>
      </object_component>
      <object_component id="oc-500">
         <name>.text:storeTimeStamp</name>
         <load_address>0x5584</load_address>
         <run_address>0x5584</run_address>
         <size>0x34</size>
         <input_file_ref idref="fl-2"/>
      </object_component>
      <object_component id="oc-509">
         <name>.text:enterLPM35</name>
         <load_address>0x55b8</load_address>
         <run_address>0x55b8</run_address>
         <size>0x32</size>
         <input_file_ref idref="fl-4"/>
      </object_component>
      <object_component id="oc-5fd">
         <name>.text:GPIO_selectInterruptEdge</name>
         <load_address>0x55ea</load_address>
         <run_address>0x55ea</run_address>
         <size>0x2e</size>
         <input_file_ref idref="fl-12"/>
      </object_component>
      <object_component id="oc-58c">
         <name>.text:RTC_B_enableInterrupt</name>
         <load_address>0x5618</load_address>
         <run_address>0x5618</run_address>
         <size>0x2e</size>
         <input_file_ref idref="fl-19"/>
      </object_component>
      <object_component id="oc-586">
         <name>.text:RTC_B_clearInterrupt</name>
         <load_address>0x5646</load_address>
         <run_address>0x5646</run_address>
         <size>0x2c</size>
         <input_file_ref idref="fl-19"/>
      </object_component>
      <object_component id="oc-42a">
         <name>.text:_isr:USCI_A0_ISR</name>
         <load_address>0x5672</load_address>
         <run_address>0x5672</run_address>
         <size>0x2c</size>
         <input_file_ref idref="fl-4"/>
      </object_component>
      <object_component id="oc-424">
         <name>.text:_isr:ADC12_ISR</name>
         <load_address>0x569e</load_address>
         <run_address>0x569e</run_address>
         <size>0x2a</size>
         <input_file_ref idref="fl-4"/>
      </object_component>
      <object_component id="oc-5a8">
         <name>.text:ADC12_B_setupSamplingTimer</name>
         <load_address>0x56c8</load_address>
         <run_address>0x56c8</run_address>
         <size>0x26</size>
         <input_file_ref idref="fl-5"/>
      </object_component>
      <object_component id="oc-5bd">
         <name>.text:ADC12_B_enableInterrupt</name>
         <load_address>0x56ee</load_address>
         <run_address>0x56ee</run_address>
         <size>0x24</size>
         <input_file_ref idref="fl-5"/>
      </object_component>
      <object_component id="oc-8f">
         <name>.text:decompress:ZI:__TI_zero_init</name>
         <load_address>0x5712</load_address>
         <run_address>0x5712</run_address>
         <size>0x24</size>
         <input_file_ref idref="fl-5f"/>
      </object_component>
      <object_component id="oc-64f">
         <name>.text:EUSCI_A_UART_enableInterrupt</name>
         <load_address>0x5736</load_address>
         <run_address>0x5736</run_address>
         <size>0x22</size>
         <input_file_ref idref="fl-e"/>
      </object_component>
      <object_component id="oc-661">
         <name>.text:EUSCI_A_UART_transmitData</name>
         <load_address>0x5758</load_address>
         <run_address>0x5758</run_address>
         <size>0x22</size>
         <input_file_ref idref="fl-e"/>
      </object_component>
      <object_component id="oc-488">
         <name>.text:EUSCI_A_UART_receiveData</name>
         <load_address>0x577a</load_address>
         <run_address>0x577a</run_address>
         <size>0x20</size>
         <input_file_ref idref="fl-e"/>
      </object_component>
      <object_component id="oc-496">
         <name>.text:WDT_A_hold</name>
         <load_address>0x579a</load_address>
         <run_address>0x579a</run_address>
         <size>0x20</size>
         <input_file_ref idref="fl-20"/>
      </object_component>
      <object_component id="oc-4e2">
         <name>.text:GPIO_clearInterrupt</name>
         <load_address>0x57ba</load_address>
         <run_address>0x57ba</run_address>
         <size>0x1e</size>
         <input_file_ref idref="fl-12"/>
      </object_component>
      <object_component id="oc-609">
         <name>.text:GPIO_enableInterrupt</name>
         <load_address>0x57d8</load_address>
         <run_address>0x57d8</run_address>
         <size>0x1e</size>
         <input_file_ref idref="fl-12"/>
      </object_component>
      <object_component id="oc-4ca">
         <name>.text:GPIO_setOutputHighOnPin</name>
         <load_address>0x57f6</load_address>
         <run_address>0x57f6</run_address>
         <size>0x1c</size>
         <input_file_ref idref="fl-12"/>
      </object_component>
      <object_component id="oc-4fa">
         <name>.text:GPIO_setOutputLowOnPin</name>
         <load_address>0x5812</load_address>
         <run_address>0x5812</run_address>
         <size>0x1c</size>
         <input_file_ref idref="fl-12"/>
      </object_component>
      <object_component id="oc-4d0">
         <name>.text:GPIO_toggleOutputOnPin</name>
         <load_address>0x582e</load_address>
         <run_address>0x582e</run_address>
         <size>0x1c</size>
         <input_file_ref idref="fl-12"/>
      </object_component>
      <object_component id="oc-ad">
         <name>.text:_isr:_c_int00_noargs_noexit</name>
         <load_address>0x584a</load_address>
         <run_address>0x584a</run_address>
         <size>0x1a</size>
         <input_file_ref idref="fl-6d"/>
      </object_component>
      <object_component id="oc-530">
         <name>.text</name>
         <load_address>0x5864</load_address>
         <run_address>0x5864</run_address>
         <size>0x18</size>
         <input_file_ref idref="fl-64"/>
      </object_component>
      <object_component id="oc-5b7">
         <name>.text:ADC12_B_clearInterrupt</name>
         <load_address>0x587c</load_address>
         <run_address>0x587c</run_address>
         <size>0x14</size>
         <input_file_ref idref="fl-5"/>
      </object_component>
      <object_component id="oc-406">
         <name>.text:memcpy</name>
         <load_address>0x5890</load_address>
         <run_address>0x5890</run_address>
         <size>0x14</size>
         <input_file_ref idref="fl-75"/>
      </object_component>
      <object_component id="oc-621">
         <name>.text:CS_setDCOFreq</name>
         <load_address>0x58a4</load_address>
         <run_address>0x58a4</run_address>
         <size>0x12</size>
         <input_file_ref idref="fl-a"/>
      </object_component>
      <object_component id="oc-627">
         <name>.text:CS_setExternalClockSource</name>
         <load_address>0x58b6</load_address>
         <run_address>0x58b6</run_address>
         <size>0x12</size>
         <input_file_ref idref="fl-a"/>
      </object_component>
      <object_component id="oc-60f">
         <name>.text:PMM_turnOffRegulator</name>
         <load_address>0x58c8</load_address>
         <run_address>0x58c8</run_address>
         <size>0x12</size>
         <input_file_ref idref="fl-16"/>
      </object_component>
      <object_component id="oc-418">
         <name>.text:_isr:Port_1</name>
         <load_address>0x58da</load_address>
         <run_address>0x58da</run_address>
         <size>0x12</size>
         <input_file_ref idref="fl-4"/>
      </object_component>
      <object_component id="oc-70">
         <name>.text:decompress:none:__TI_decompress_none</name>
         <load_address>0x58ec</load_address>
         <run_address>0x58ec</run_address>
         <size>0x12</size>
         <input_file_ref idref="fl-48"/>
      </object_component>
      <object_component id="oc-649">
         <name>.text:EUSCI_A_UART_clearInterrupt</name>
         <load_address>0x58fe</load_address>
         <run_address>0x58fe</run_address>
         <size>0xe</size>
         <input_file_ref idref="fl-e"/>
      </object_component>
      <object_component id="oc-5f0">
         <name>.text:ADC12_B_disable</name>
         <load_address>0x590c</load_address>
         <run_address>0x590c</run_address>
         <size>0xc</size>
         <input_file_ref idref="fl-5"/>
      </object_component>
      <object_component id="oc-5a2">
         <name>.text:ADC12_B_enable</name>
         <load_address>0x5918</load_address>
         <run_address>0x5918</run_address>
         <size>0xc</size>
         <input_file_ref idref="fl-5"/>
      </object_component>
      <object_component id="oc-580">
         <name>.text:RTC_B_setCalendarEvent</name>
         <load_address>0x5924</load_address>
         <run_address>0x5924</run_address>
         <size>0xc</size>
         <input_file_ref idref="fl-19"/>
      </object_component>
      <object_component id="oc-592">
         <name>.text:RTC_B_startClock</name>
         <load_address>0x5930</load_address>
         <run_address>0x5930</run_address>
         <size>0xc</size>
         <input_file_ref idref="fl-19"/>
      </object_component>
      <object_component id="oc-5cf">
         <name>.text:Ref_A_setReferenceVoltage</name>
         <load_address>0x593c</load_address>
         <run_address>0x593c</run_address>
         <size>0xc</size>
         <input_file_ref idref="fl-18"/>
      </object_component>
      <object_component id="oc-437">
         <name>.text:_system_pre_init</name>
         <load_address>0x5948</load_address>
         <run_address>0x5948</run_address>
         <size>0xc</size>
         <input_file_ref idref="fl-4"/>
      </object_component>
      <object_component id="oc-667">
         <name>.text:EUSCI_A_UART_queryStatusFlags</name>
         <load_address>0x5954</load_address>
         <run_address>0x5954</run_address>
         <size>0xa</size>
         <input_file_ref idref="fl-e"/>
      </object_component>
      <object_component id="oc-5c3">
         <name>.text:Ref_A_isRefGenBusy</name>
         <load_address>0x595e</load_address>
         <run_address>0x595e</run_address>
         <size>0xa</size>
         <input_file_ref idref="fl-18"/>
      </object_component>
      <object_component id="oc-5e4">
         <name>.text:Timer_A_stop</name>
         <load_address>0x5968</load_address>
         <run_address>0x5968</run_address>
         <size>0x8</size>
         <input_file_ref idref="fl-1d"/>
      </object_component>
      <object_component id="oc-41e">
         <name>.text:_isr:TIMER0_A0_ISR</name>
         <load_address>0x5970</load_address>
         <run_address>0x5970</run_address>
         <size>0x8</size>
         <input_file_ref idref="fl-4"/>
      </object_component>
      <object_component id="oc-413">
         <name>.text:_isr:__TI_ISR_TRAP</name>
         <load_address>0x5978</load_address>
         <run_address>0x5978</run_address>
         <size>0x8</size>
         <input_file_ref idref="fl-4a"/>
      </object_component>
      <object_component id="oc-643">
         <name>.text:EUSCI_A_UART_enable</name>
         <load_address>0x5980</load_address>
         <run_address>0x5980</run_address>
         <size>0x6</size>
         <input_file_ref idref="fl-e"/>
      </object_component>
      <object_component id="oc-56b">
         <name>.text:PMM_unlockLPM5</name>
         <load_address>0x5986</load_address>
         <run_address>0x5986</run_address>
         <size>0x6</size>
         <input_file_ref idref="fl-16"/>
      </object_component>
      <object_component id="oc-5d5">
         <name>.text:Ref_A_enableReferenceVoltage</name>
         <load_address>0x598c</load_address>
         <run_address>0x598c</run_address>
         <size>0x6</size>
         <input_file_ref idref="fl-18"/>
      </object_component>
      <object_component id="oc-5c9">
         <name>.text:Ref_A_enableTempSensor</name>
         <load_address>0x5992</load_address>
         <run_address>0x5992</run_address>
         <size>0x6</size>
         <input_file_ref idref="fl-18"/>
      </object_component>
      <object_component id="oc-45f">
         <name>.text:abort</name>
         <load_address>0x5998</load_address>
         <run_address>0x5998</run_address>
         <size>0x6</size>
         <input_file_ref idref="fl-70"/>
      </object_component>
      <object_component id="oc-4a3">
         <name>.text:_system_post_cinit</name>
         <load_address>0x599e</load_address>
         <run_address>0x599e</run_address>
         <size>0x2</size>
         <input_file_ref idref="fl-6f"/>
      </object_component>
      <object_component id="oc-5f9">
         <name>.common:FRAM_TEMP_write_ptr</name>
         <uninitialized>true</uninitialized>
         <run_address>0x1c0c</run_address>
         <size>0x4</size>
      </object_component>
      <object_component id="oc-5fc">
         <name>.common:FRAM_BAT_write_ptr</name>
         <uninitialized>true</uninitialized>
         <run_address>0x1c08</run_address>
         <size>0x4</size>
      </object_component>
      <object_component id="oc-66f">
         <name>.common:storageDone</name>
         <uninitialized>true</uninitialized>
         <run_address>0x1c10</run_address>
         <size>0x2</size>
      </object_component>
      <object_component id="oc-577">
         <name>.common:calendar</name>
         <uninitialized>true</uninitialized>
         <run_address>0x1c00</run_address>
         <size>0x8</size>
      </object_component>
      <object_component id="oc-5f6">
         <name>.data</name>
         <load_address>0x1c20</load_address>
         <run_address>0x1c20</run_address>
         <size>0x4</size>
         <input_file_ref idref="fl-2"/>
      </object_component>
      <object_component id="oc-482">
         <name>.data</name>
         <load_address>0x1c1a</load_address>
         <run_address>0x1c1a</run_address>
         <size>0x6</size>
         <input_file_ref idref="fl-4"/>
      </object_component>
      <object_component id="oc-6b9">
         <name>.data</name>
         <load_address>0x1c12</load_address>
         <run_address>0x1c12</run_address>
         <size>0x8</size>
         <input_file_ref idref="fl-a"/>
      </object_component>
      <object_component id="oc-3f7">
         <name>.stack</name>
         <uninitialized>true</uninitialized>
         <run_address>0x2360</run_address>
         <size>0x4</size>
         <input_file_ref idref="fl-6a"/>
      </object_component>
      <object_component id="oc-73a">
         <name>.stack</name>
         <uninitialized>true</uninitialized>
         <run_address>0x2360</run_address>
         <size>0x0</size>
      </object_component>
      <object_component id="oc-76">
         <name>.int30</name>
         <load_address>0xffcc</load_address>
         <run_address>0xffcc</run_address>
         <size>0x2</size>
         <input_file_ref idref="fl-49"/>
      </object_component>
      <object_component id="oc-77">
         <name>.int31</name>
         <load_address>0xffce</load_address>
         <run_address>0xffce</run_address>
         <size>0x2</size>
         <input_file_ref idref="fl-4b"/>
      </object_component>
      <object_component id="oc-78">
         <name>.int32</name>
         <load_address>0xffd0</load_address>
         <run_address>0xffd0</run_address>
         <size>0x2</size>
         <input_file_ref idref="fl-4c"/>
      </object_component>
      <object_component id="oc-79">
         <name>.int33</name>
         <load_address>0xffd2</load_address>
         <run_address>0xffd2</run_address>
         <size>0x2</size>
         <input_file_ref idref="fl-4d"/>
      </object_component>
      <object_component id="oc-7a">
         <name>.int34</name>
         <load_address>0xffd4</load_address>
         <run_address>0xffd4</run_address>
         <size>0x2</size>
         <input_file_ref idref="fl-4e"/>
      </object_component>
      <object_component id="oc-7b">
         <name>.int35</name>
         <load_address>0xffd6</load_address>
         <run_address>0xffd6</run_address>
         <size>0x2</size>
         <input_file_ref idref="fl-4f"/>
      </object_component>
      <object_component id="oc-7c">
         <name>.int36</name>
         <load_address>0xffd8</load_address>
         <run_address>0xffd8</run_address>
         <size>0x2</size>
         <input_file_ref idref="fl-50"/>
      </object_component>
      <object_component id="oc-7d">
         <name>.int37</name>
         <load_address>0xffda</load_address>
         <run_address>0xffda</run_address>
         <size>0x2</size>
         <input_file_ref idref="fl-51"/>
      </object_component>
      <object_component id="oc-7e">
         <name>.int38</name>
         <load_address>0xffdc</load_address>
         <run_address>0xffdc</run_address>
         <size>0x2</size>
         <input_file_ref idref="fl-52"/>
      </object_component>
      <object_component id="oc-7f">
         <name>.int39</name>
         <load_address>0xffde</load_address>
         <run_address>0xffde</run_address>
         <size>0x2</size>
         <input_file_ref idref="fl-4"/>
      </object_component>
      <object_component id="oc-80">
         <name>.int40</name>
         <load_address>0xffe0</load_address>
         <run_address>0xffe0</run_address>
         <size>0x2</size>
         <input_file_ref idref="fl-53"/>
      </object_component>
      <object_component id="oc-81">
         <name>.int41</name>
         <load_address>0xffe2</load_address>
         <run_address>0xffe2</run_address>
         <size>0x2</size>
         <input_file_ref idref="fl-54"/>
      </object_component>
      <object_component id="oc-82">
         <name>.int42</name>
         <load_address>0xffe4</load_address>
         <run_address>0xffe4</run_address>
         <size>0x2</size>
         <input_file_ref idref="fl-55"/>
      </object_component>
      <object_component id="oc-83">
         <name>.int43</name>
         <load_address>0xffe6</load_address>
         <run_address>0xffe6</run_address>
         <size>0x2</size>
         <input_file_ref idref="fl-56"/>
      </object_component>
      <object_component id="oc-84">
         <name>.int44</name>
         <load_address>0xffe8</load_address>
         <run_address>0xffe8</run_address>
         <size>0x2</size>
         <input_file_ref idref="fl-57"/>
      </object_component>
      <object_component id="oc-85">
         <name>.int45</name>
         <load_address>0xffea</load_address>
         <run_address>0xffea</run_address>
         <size>0x2</size>
         <input_file_ref idref="fl-4"/>
      </object_component>
      <object_component id="oc-86">
         <name>.int46</name>
         <load_address>0xffec</load_address>
         <run_address>0xffec</run_address>
         <size>0x2</size>
         <input_file_ref idref="fl-4"/>
      </object_component>
      <object_component id="oc-87">
         <name>.int47</name>
         <load_address>0xffee</load_address>
         <run_address>0xffee</run_address>
         <size>0x2</size>
         <input_file_ref idref="fl-58"/>
      </object_component>
      <object_component id="oc-88">
         <name>.int48</name>
         <load_address>0xfff0</load_address>
         <run_address>0xfff0</run_address>
         <size>0x2</size>
         <input_file_ref idref="fl-4"/>
      </object_component>
      <object_component id="oc-89">
         <name>.int49</name>
         <load_address>0xfff2</load_address>
         <run_address>0xfff2</run_address>
         <size>0x2</size>
         <input_file_ref idref="fl-59"/>
      </object_component>
      <object_component id="oc-8a">
         <name>.int50</name>
         <load_address>0xfff4</load_address>
         <run_address>0xfff4</run_address>
         <size>0x2</size>
         <input_file_ref idref="fl-5a"/>
      </object_component>
      <object_component id="oc-8b">
         <name>.int51</name>
         <load_address>0xfff6</load_address>
         <run_address>0xfff6</run_address>
         <size>0x2</size>
         <input_file_ref idref="fl-5b"/>
      </object_component>
      <object_component id="oc-8c">
         <name>.int52</name>
         <load_address>0xfff8</load_address>
         <run_address>0xfff8</run_address>
         <size>0x2</size>
         <input_file_ref idref="fl-5c"/>
      </object_component>
      <object_component id="oc-8d">
         <name>.int53</name>
         <load_address>0xfffa</load_address>
         <run_address>0xfffa</run_address>
         <size>0x2</size>
         <input_file_ref idref="fl-5d"/>
      </object_component>
      <object_component id="oc-8e">
         <name>.int54</name>
         <load_address>0xfffc</load_address>
         <run_address>0xfffc</run_address>
         <size>0x2</size>
         <input_file_ref idref="fl-5e"/>
      </object_component>
      <object_component id="oc-3fa">
         <name>.reset</name>
         <load_address>0xfffe</load_address>
         <run_address>0xfffe</run_address>
         <size>0x2</size>
         <input_file_ref idref="fl-6a"/>
      </object_component>
      <object_component id="oc-506">
         <name>.TI.bound:dataArray</name>
         <uninitialized>true</uninitialized>
         <run_address>0x9000</run_address>
         <size>0x6002</size>
         <input_file_ref idref="fl-2"/>
      </object_component>
      <object_component id="oc-670">
         <name>.TI.bound:timeStamp</name>
         <uninitialized>true</uninitialized>
         <run_address>0xf002</run_address>
         <size>0x6</size>
         <input_file_ref idref="fl-2"/>
      </object_component>
      <object_component id="oc-5fa">
         <name>.debug_info</name>
         <load_address>0x0</load_address>
         <run_address>0x0</run_address>
         <size>0x9e8</size>
         <input_file_ref idref="fl-2"/>
      </object_component>
      <object_component id="oc-507">
         <name>.debug_info</name>
         <load_address>0x9e8</load_address>
         <run_address>0x9e8</run_address>
         <size>0xdc</size>
         <input_file_ref idref="fl-2"/>
      </object_component>
      <object_component id="oc-671">
         <name>.debug_info</name>
         <load_address>0xac4</load_address>
         <run_address>0xac4</run_address>
         <size>0xdc</size>
         <input_file_ref idref="fl-2"/>
      </object_component>
      <object_component id="oc-5f7">
         <name>.debug_info</name>
         <load_address>0xba0</load_address>
         <run_address>0xba0</run_address>
         <size>0xe6</size>
         <input_file_ref idref="fl-2"/>
      </object_component>
      <object_component id="oc-59a">
         <name>.debug_info</name>
         <load_address>0xc86</load_address>
         <run_address>0xc86</run_address>
         <size>0xd7</size>
         <input_file_ref idref="fl-2"/>
      </object_component>
      <object_component id="oc-5af">
         <name>.debug_info</name>
         <load_address>0xd5d</load_address>
         <run_address>0xd5d</run_address>
         <size>0xd7</size>
         <input_file_ref idref="fl-2"/>
      </object_component>
      <object_component id="oc-5dc">
         <name>.debug_info</name>
         <load_address>0xe34</load_address>
         <run_address>0xe34</run_address>
         <size>0xd7</size>
         <input_file_ref idref="fl-2"/>
      </object_component>
      <object_component id="oc-4dd">
         <name>.debug_info</name>
         <load_address>0xf0b</load_address>
         <run_address>0xf0b</run_address>
         <size>0x3ea</size>
         <input_file_ref idref="fl-2"/>
      </object_component>
      <object_component id="oc-51c">
         <name>.debug_info</name>
         <load_address>0x12f5</load_address>
         <run_address>0x12f5</run_address>
         <size>0x23d</size>
         <input_file_ref idref="fl-2"/>
      </object_component>
      <object_component id="oc-501">
         <name>.debug_info</name>
         <load_address>0x1532</load_address>
         <run_address>0x1532</run_address>
         <size>0x140</size>
         <input_file_ref idref="fl-2"/>
      </object_component>
      <object_component id="oc-61b">
         <name>.debug_info</name>
         <load_address>0x1672</load_address>
         <run_address>0x1672</run_address>
         <size>0x131</size>
         <input_file_ref idref="fl-2"/>
      </object_component>
      <object_component id="oc-68f">
         <name>.debug_info</name>
         <load_address>0x17a3</load_address>
         <run_address>0x17a3</run_address>
         <size>0x131</size>
         <input_file_ref idref="fl-2"/>
      </object_component>
      <object_component id="oc-656">
         <name>.debug_info</name>
         <load_address>0x18d4</load_address>
         <run_address>0x18d4</run_address>
         <size>0xee</size>
         <input_file_ref idref="fl-2"/>
      </object_component>
      <object_component id="oc-616">
         <name>.debug_info</name>
         <load_address>0x19c2</load_address>
         <run_address>0x19c2</run_address>
         <size>0x392</size>
         <input_file_ref idref="fl-2"/>
      </object_component>
      <object_component id="oc-48f">
         <name>.debug_info</name>
         <load_address>0x1d54</load_address>
         <run_address>0x1d54</run_address>
         <size>0x8b</size>
         <input_file_ref idref="fl-2"/>
      </object_component>
      <object_component id="oc-529">
         <name>.debug_info</name>
         <load_address>0x1ddf</load_address>
         <run_address>0x1ddf</run_address>
         <size>0x18b</size>
         <input_file_ref idref="fl-2"/>
      </object_component>
      <object_component id="oc-578">
         <name>.debug_info</name>
         <load_address>0x1f6a</load_address>
         <run_address>0x1f6a</run_address>
         <size>0xb9f</size>
         <input_file_ref idref="fl-4"/>
      </object_component>
      <object_component id="oc-483">
         <name>.debug_info</name>
         <load_address>0x2b09</load_address>
         <run_address>0x2b09</run_address>
         <size>0x109</size>
         <input_file_ref idref="fl-4"/>
      </object_component>
      <object_component id="oc-63b">
         <name>.debug_info</name>
         <load_address>0x2c12</load_address>
         <run_address>0x2c12</run_address>
         <size>0xd0</size>
         <input_file_ref idref="fl-4"/>
      </object_component>
      <object_component id="oc-438">
         <name>.debug_info</name>
         <load_address>0x2ce2</load_address>
         <run_address>0x2ce2</run_address>
         <size>0x122</size>
         <input_file_ref idref="fl-4"/>
      </object_component>
      <object_component id="oc-458">
         <name>.debug_info</name>
         <load_address>0x2e04</load_address>
         <run_address>0x2e04</run_address>
         <size>0x386</size>
         <input_file_ref idref="fl-4"/>
      </object_component>
      <object_component id="oc-4c5">
         <name>.debug_info</name>
         <load_address>0x318a</load_address>
         <run_address>0x318a</run_address>
         <size>0x2c0</size>
         <input_file_ref idref="fl-4"/>
      </object_component>
      <object_component id="oc-4e9">
         <name>.debug_info</name>
         <load_address>0x344a</load_address>
         <run_address>0x344a</run_address>
         <size>0x194</size>
         <input_file_ref idref="fl-4"/>
      </object_component>
      <object_component id="oc-4ef">
         <name>.debug_info</name>
         <load_address>0x35de</load_address>
         <run_address>0x35de</run_address>
         <size>0x198</size>
         <input_file_ref idref="fl-4"/>
      </object_component>
      <object_component id="oc-4d7">
         <name>.debug_info</name>
         <load_address>0x3776</load_address>
         <run_address>0x3776</run_address>
         <size>0x184</size>
         <input_file_ref idref="fl-4"/>
      </object_component>
      <object_component id="oc-510">
         <name>.debug_info</name>
         <load_address>0x38fa</load_address>
         <run_address>0x38fa</run_address>
         <size>0x22d</size>
         <input_file_ref idref="fl-4"/>
      </object_component>
      <object_component id="oc-516">
         <name>.debug_info</name>
         <load_address>0x3b27</load_address>
         <run_address>0x3b27</run_address>
         <size>0x19e</size>
         <input_file_ref idref="fl-4"/>
      </object_component>
      <object_component id="oc-4f5">
         <name>.debug_info</name>
         <load_address>0x3cc5</load_address>
         <run_address>0x3cc5</run_address>
         <size>0x1d3</size>
         <input_file_ref idref="fl-4"/>
      </object_component>
      <object_component id="oc-50b">
         <name>.debug_info</name>
         <load_address>0x3e98</load_address>
         <run_address>0x3e98</run_address>
         <size>0x19e</size>
         <input_file_ref idref="fl-4"/>
      </object_component>
      <object_component id="oc-42c">
         <name>.debug_info</name>
         <load_address>0x4036</load_address>
         <run_address>0x4036</run_address>
         <size>0x131</size>
         <input_file_ref idref="fl-4"/>
      </object_component>
      <object_component id="oc-426">
         <name>.debug_info</name>
         <load_address>0x4167</load_address>
         <run_address>0x4167</run_address>
         <size>0x103</size>
         <input_file_ref idref="fl-4"/>
      </object_component>
      <object_component id="oc-420">
         <name>.debug_info</name>
         <load_address>0x426a</load_address>
         <run_address>0x426a</run_address>
         <size>0x10b</size>
         <input_file_ref idref="fl-4"/>
      </object_component>
      <object_component id="oc-41a">
         <name>.debug_info</name>
         <load_address>0x4375</load_address>
         <run_address>0x4375</run_address>
         <size>0xfd</size>
         <input_file_ref idref="fl-4"/>
      </object_component>
      <object_component id="oc-69d">
         <name>.debug_info</name>
         <load_address>0x4472</load_address>
         <run_address>0x4472</run_address>
         <size>0x155</size>
         <input_file_ref idref="fl-5"/>
      </object_component>
      <object_component id="oc-59d">
         <name>.debug_info</name>
         <load_address>0x45c7</load_address>
         <run_address>0x45c7</run_address>
         <size>0x1d9</size>
         <input_file_ref idref="fl-5"/>
      </object_component>
      <object_component id="oc-5a3">
         <name>.debug_info</name>
         <load_address>0x47a0</load_address>
         <run_address>0x47a0</run_address>
         <size>0x19e</size>
         <input_file_ref idref="fl-5"/>
      </object_component>
      <object_component id="oc-5f1">
         <name>.debug_info</name>
         <load_address>0x493e</load_address>
         <run_address>0x493e</run_address>
         <size>0x1a0</size>
         <input_file_ref idref="fl-5"/>
      </object_component>
      <object_component id="oc-5a9">
         <name>.debug_info</name>
         <load_address>0x4ade</load_address>
         <run_address>0x4ade</run_address>
         <size>0x310</size>
         <input_file_ref idref="fl-5"/>
      </object_component>
      <object_component id="oc-5b3">
         <name>.debug_info</name>
         <load_address>0x4dee</load_address>
         <run_address>0x4dee</run_address>
         <size>0x211</size>
         <input_file_ref idref="fl-5"/>
      </object_component>
      <object_component id="oc-5bf">
         <name>.debug_info</name>
         <load_address>0x4fff</load_address>
         <run_address>0x4fff</run_address>
         <size>0x28e</size>
         <input_file_ref idref="fl-5"/>
      </object_component>
      <object_component id="oc-5b8">
         <name>.debug_info</name>
         <load_address>0x528d</load_address>
         <run_address>0x528d</run_address>
         <size>0x28a</size>
         <input_file_ref idref="fl-5"/>
      </object_component>
      <object_component id="oc-5eb">
         <name>.debug_info</name>
         <load_address>0x5517</load_address>
         <run_address>0x5517</run_address>
         <size>0x2a8</size>
         <input_file_ref idref="fl-5"/>
      </object_component>
      <object_component id="oc-401">
         <name>.debug_info</name>
         <load_address>0x57bf</load_address>
         <run_address>0x57bf</run_address>
         <size>0x84</size>
         <input_file_ref idref="fl-6"/>
      </object_component>
      <object_component id="oc-6ba">
         <name>.debug_info</name>
         <load_address>0x5843</load_address>
         <run_address>0x5843</run_address>
         <size>0x14e</size>
         <input_file_ref idref="fl-a"/>
      </object_component>
      <object_component id="oc-628">
         <name>.debug_info</name>
         <load_address>0x5991</load_address>
         <run_address>0x5991</run_address>
         <size>0x22a</size>
         <input_file_ref idref="fl-a"/>
      </object_component>
      <object_component id="oc-62e">
         <name>.debug_info</name>
         <load_address>0x5bbb</load_address>
         <run_address>0x5bbb</run_address>
         <size>0x252</size>
         <input_file_ref idref="fl-a"/>
      </object_component>
      <object_component id="oc-634">
         <name>.debug_info</name>
         <load_address>0x5e0d</load_address>
         <run_address>0x5e0d</run_address>
         <size>0x16d</size>
         <input_file_ref idref="fl-a"/>
      </object_component>
      <object_component id="oc-622">
         <name>.debug_info</name>
         <load_address>0x5f7a</load_address>
         <run_address>0x5f7a</run_address>
         <size>0x197</size>
         <input_file_ref idref="fl-a"/>
      </object_component>
      <object_component id="oc-6c2">
         <name>.debug_info</name>
         <load_address>0x6111</load_address>
         <run_address>0x6111</run_address>
         <size>0x154</size>
         <input_file_ref idref="fl-e"/>
      </object_component>
      <object_component id="oc-63e">
         <name>.debug_info</name>
         <load_address>0x6265</load_address>
         <run_address>0x6265</run_address>
         <size>0x1f2</size>
         <input_file_ref idref="fl-e"/>
      </object_component>
      <object_component id="oc-662">
         <name>.debug_info</name>
         <load_address>0x6457</load_address>
         <run_address>0x6457</run_address>
         <size>0x205</size>
         <input_file_ref idref="fl-e"/>
      </object_component>
      <object_component id="oc-489">
         <name>.debug_info</name>
         <load_address>0x665c</load_address>
         <run_address>0x665c</run_address>
         <size>0x1c5</size>
         <input_file_ref idref="fl-e"/>
      </object_component>
      <object_component id="oc-650">
         <name>.debug_info</name>
         <load_address>0x6821</load_address>
         <run_address>0x6821</run_address>
         <size>0x202</size>
         <input_file_ref idref="fl-e"/>
      </object_component>
      <object_component id="oc-64a">
         <name>.debug_info</name>
         <load_address>0x6a23</load_address>
         <run_address>0x6a23</run_address>
         <size>0x1ca</size>
         <input_file_ref idref="fl-e"/>
      </object_component>
      <object_component id="oc-644">
         <name>.debug_info</name>
         <load_address>0x6bed</load_address>
         <run_address>0x6bed</run_address>
         <size>0x1b7</size>
         <input_file_ref idref="fl-e"/>
      </object_component>
      <object_component id="oc-668">
         <name>.debug_info</name>
         <load_address>0x6da4</load_address>
         <run_address>0x6da4</run_address>
         <size>0x1d2</size>
         <input_file_ref idref="fl-e"/>
      </object_component>
      <object_component id="oc-68c">
         <name>.debug_info</name>
         <load_address>0x6f76</load_address>
         <run_address>0x6f76</run_address>
         <size>0x15e</size>
         <input_file_ref idref="fl-12"/>
      </object_component>
      <object_component id="oc-573">
         <name>.debug_info</name>
         <load_address>0x70d4</load_address>
         <run_address>0x70d4</run_address>
         <size>0xfe</size>
         <input_file_ref idref="fl-12"/>
      </object_component>
      <object_component id="oc-560">
         <name>.debug_info</name>
         <load_address>0x71d2</load_address>
         <run_address>0x71d2</run_address>
         <size>0x204</size>
         <input_file_ref idref="fl-12"/>
      </object_component>
      <object_component id="oc-65c">
         <name>.debug_info</name>
         <load_address>0x73d6</load_address>
         <run_address>0x73d6</run_address>
         <size>0x256</size>
         <input_file_ref idref="fl-12"/>
      </object_component>
      <object_component id="oc-566">
         <name>.debug_info</name>
         <load_address>0x762c</load_address>
         <run_address>0x762c</run_address>
         <size>0x255</size>
         <input_file_ref idref="fl-12"/>
      </object_component>
      <object_component id="oc-4cb">
         <name>.debug_info</name>
         <load_address>0x7881</load_address>
         <run_address>0x7881</run_address>
         <size>0x20f</size>
         <input_file_ref idref="fl-12"/>
      </object_component>
      <object_component id="oc-4fb">
         <name>.debug_info</name>
         <load_address>0x7a90</load_address>
         <run_address>0x7a90</run_address>
         <size>0x20d</size>
         <input_file_ref idref="fl-12"/>
      </object_component>
      <object_component id="oc-4d1">
         <name>.debug_info</name>
         <load_address>0x7c9d</load_address>
         <run_address>0x7c9d</run_address>
         <size>0x20d</size>
         <input_file_ref idref="fl-12"/>
      </object_component>
      <object_component id="oc-604">
         <name>.debug_info</name>
         <load_address>0x7eaa</load_address>
         <run_address>0x7eaa</run_address>
         <size>0x229</size>
         <input_file_ref idref="fl-12"/>
      </object_component>
      <object_component id="oc-60a">
         <name>.debug_info</name>
         <load_address>0x80d3</load_address>
         <run_address>0x80d3</run_address>
         <size>0x209</size>
         <input_file_ref idref="fl-12"/>
      </object_component>
      <object_component id="oc-4e3">
         <name>.debug_info</name>
         <load_address>0x82dc</load_address>
         <run_address>0x82dc</run_address>
         <size>0x207</size>
         <input_file_ref idref="fl-12"/>
      </object_component>
      <object_component id="oc-5fe">
         <name>.debug_info</name>
         <load_address>0x84e3</load_address>
         <run_address>0x84e3</run_address>
         <size>0x24b</size>
         <input_file_ref idref="fl-12"/>
      </object_component>
      <object_component id="oc-610">
         <name>.debug_info</name>
         <load_address>0x872e</load_address>
         <run_address>0x872e</run_address>
         <size>0x160</size>
         <input_file_ref idref="fl-16"/>
      </object_component>
      <object_component id="oc-56c">
         <name>.debug_info</name>
         <load_address>0x888e</load_address>
         <run_address>0x888e</run_address>
         <size>0x154</size>
         <input_file_ref idref="fl-16"/>
      </object_component>
      <object_component id="oc-5d0">
         <name>.debug_info</name>
         <load_address>0x89e2</load_address>
         <run_address>0x89e2</run_address>
         <size>0x218</size>
         <input_file_ref idref="fl-18"/>
      </object_component>
      <object_component id="oc-5ca">
         <name>.debug_info</name>
         <load_address>0x8bfa</load_address>
         <run_address>0x8bfa</run_address>
         <size>0x1a8</size>
         <input_file_ref idref="fl-18"/>
      </object_component>
      <object_component id="oc-5d6">
         <name>.debug_info</name>
         <load_address>0x8da2</load_address>
         <run_address>0x8da2</run_address>
         <size>0x1b4</size>
         <input_file_ref idref="fl-18"/>
      </object_component>
      <object_component id="oc-5c5">
         <name>.debug_info</name>
         <load_address>0x8f56</load_address>
         <run_address>0x8f56</run_address>
         <size>0x1a4</size>
         <input_file_ref idref="fl-18"/>
      </object_component>
      <object_component id="oc-695">
         <name>.debug_info</name>
         <load_address>0x90fa</load_address>
         <run_address>0x90fa</run_address>
         <size>0x153</size>
         <input_file_ref idref="fl-19"/>
      </object_component>
      <object_component id="oc-593">
         <name>.debug_info</name>
         <load_address>0x924d</load_address>
         <run_address>0x924d</run_address>
         <size>0x17d</size>
         <input_file_ref idref="fl-19"/>
      </object_component>
      <object_component id="oc-57b">
         <name>.debug_info</name>
         <load_address>0x93ca</load_address>
         <run_address>0x93ca</run_address>
         <size>0x224</size>
         <input_file_ref idref="fl-19"/>
      </object_component>
      <object_component id="oc-581">
         <name>.debug_info</name>
         <load_address>0x95ee</load_address>
         <run_address>0x95ee</run_address>
         <size>0x1e6</size>
         <input_file_ref idref="fl-19"/>
      </object_component>
      <object_component id="oc-58d">
         <name>.debug_info</name>
         <load_address>0x97d4</load_address>
         <run_address>0x97d4</run_address>
         <size>0x1ec</size>
         <input_file_ref idref="fl-19"/>
      </object_component>
      <object_component id="oc-588">
         <name>.debug_info</name>
         <load_address>0x99c0</load_address>
         <run_address>0x99c0</run_address>
         <size>0x1fb</size>
         <input_file_ref idref="fl-19"/>
      </object_component>
      <object_component id="oc-6ac">
         <name>.debug_info</name>
         <load_address>0x9bbb</load_address>
         <run_address>0x9bbb</run_address>
         <size>0x16d</size>
         <input_file_ref idref="fl-1d"/>
      </object_component>
      <object_component id="oc-5df">
         <name>.debug_info</name>
         <load_address>0x9d28</load_address>
         <run_address>0x9d28</run_address>
         <size>0x1cc</size>
         <input_file_ref idref="fl-1d"/>
      </object_component>
      <object_component id="oc-5e5">
         <name>.debug_info</name>
         <load_address>0x9ef4</load_address>
         <run_address>0x9ef4</run_address>
         <size>0x19d</size>
         <input_file_ref idref="fl-1d"/>
      </object_component>
      <object_component id="oc-497">
         <name>.debug_info</name>
         <load_address>0xa091</load_address>
         <run_address>0xa091</run_address>
         <size>0x1b1</size>
         <input_file_ref idref="fl-20"/>
      </object_component>
      <object_component id="oc-472">
         <name>.debug_info</name>
         <load_address>0xa242</load_address>
         <run_address>0xa242</run_address>
         <size>0x170</size>
         <input_file_ref idref="fl-47"/>
      </object_component>
      <object_component id="oc-6b">
         <name>.debug_info</name>
         <load_address>0xa3b2</load_address>
         <run_address>0xa3b2</run_address>
         <size>0x245</size>
         <input_file_ref idref="fl-47"/>
      </object_component>
      <object_component id="oc-3fc">
         <name>.debug_info</name>
         <load_address>0xa5f7</load_address>
         <run_address>0xa5f7</run_address>
         <size>0x60</size>
         <input_file_ref idref="fl-47"/>
      </object_component>
      <object_component id="oc-46d">
         <name>.debug_info</name>
         <load_address>0xa657</load_address>
         <run_address>0xa657</run_address>
         <size>0x46</size>
         <input_file_ref idref="fl-47"/>
      </object_component>
      <object_component id="oc-412">
         <name>.debug_info</name>
         <load_address>0xa69d</load_address>
         <run_address>0xa69d</run_address>
         <size>0x1c6</size>
         <input_file_ref idref="fl-48"/>
      </object_component>
      <object_component id="oc-73">
         <name>.debug_info</name>
         <load_address>0xa863</load_address>
         <run_address>0xa863</run_address>
         <size>0x1c8</size>
         <input_file_ref idref="fl-48"/>
      </object_component>
      <object_component id="oc-40d">
         <name>.debug_info</name>
         <load_address>0xaa2b</load_address>
         <run_address>0xaa2b</run_address>
         <size>0x46</size>
         <input_file_ref idref="fl-48"/>
      </object_component>
      <object_component id="oc-47c">
         <name>.debug_info</name>
         <load_address>0xaa71</load_address>
         <run_address>0xaa71</run_address>
         <size>0x2c</size>
         <input_file_ref idref="fl-48"/>
      </object_component>
      <object_component id="oc-414">
         <name>.debug_info</name>
         <load_address>0xaa9d</load_address>
         <run_address>0xaa9d</run_address>
         <size>0x107</size>
         <input_file_ref idref="fl-4a"/>
      </object_component>
      <object_component id="oc-436">
         <name>.debug_info</name>
         <load_address>0xaba4</load_address>
         <run_address>0xaba4</run_address>
         <size>0x174</size>
         <input_file_ref idref="fl-5f"/>
      </object_component>
      <object_component id="oc-92">
         <name>.debug_info</name>
         <load_address>0xad18</load_address>
         <run_address>0xad18</run_address>
         <size>0x1ba</size>
         <input_file_ref idref="fl-5f"/>
      </object_component>
      <object_component id="oc-431">
         <name>.debug_info</name>
         <load_address>0xaed2</load_address>
         <run_address>0xaed2</run_address>
         <size>0x46</size>
         <input_file_ref idref="fl-5f"/>
      </object_component>
      <object_component id="oc-533">
         <name>.debug_info</name>
         <load_address>0xaf18</load_address>
         <run_address>0xaf18</run_address>
         <size>0x128</size>
         <input_file_ref idref="fl-64"/>
      </object_component>
      <object_component id="oc-3f8">
         <name>.debug_info</name>
         <load_address>0xb040</load_address>
         <run_address>0xb040</run_address>
         <size>0xf5</size>
         <input_file_ref idref="fl-6a"/>
      </object_component>
      <object_component id="oc-4af">
         <name>.debug_info</name>
         <load_address>0xb135</load_address>
         <run_address>0xb135</run_address>
         <size>0x3f5</size>
         <input_file_ref idref="fl-6c"/>
      </object_component>
      <object_component id="oc-43f">
         <name>.debug_info</name>
         <load_address>0xb52a</load_address>
         <run_address>0xb52a</run_address>
         <size>0x21e</size>
         <input_file_ref idref="fl-6c"/>
      </object_component>
      <object_component id="oc-53a">
         <name>.debug_info</name>
         <load_address>0xb748</load_address>
         <run_address>0xb748</run_address>
         <size>0x39</size>
         <input_file_ref idref="fl-6c"/>
      </object_component>
      <object_component id="oc-4aa">
         <name>.debug_info</name>
         <load_address>0xb781</load_address>
         <run_address>0xb781</run_address>
         <size>0x2c</size>
         <input_file_ref idref="fl-6c"/>
      </object_component>
      <object_component id="oc-53f">
         <name>.debug_info</name>
         <load_address>0xb7ad</load_address>
         <run_address>0xb7ad</run_address>
         <size>0xcd</size>
         <input_file_ref idref="fl-6c"/>
      </object_component>
      <object_component id="oc-ae">
         <name>.debug_info</name>
         <load_address>0xb87a</load_address>
         <run_address>0xb87a</run_address>
         <size>0x196</size>
         <input_file_ref idref="fl-6d"/>
      </object_component>
      <object_component id="oc-4a4">
         <name>.debug_info</name>
         <load_address>0xba10</load_address>
         <run_address>0xba10</run_address>
         <size>0x145</size>
         <input_file_ref idref="fl-6f"/>
      </object_component>
      <object_component id="oc-460">
         <name>.debug_info</name>
         <load_address>0xbb55</load_address>
         <run_address>0xbb55</run_address>
         <size>0x117</size>
         <input_file_ref idref="fl-70"/>
      </object_component>
      <object_component id="oc-536">
         <name>.debug_info</name>
         <load_address>0xbc6c</load_address>
         <run_address>0xbc6c</run_address>
         <size>0x266</size>
         <input_file_ref idref="fl-73"/>
      </object_component>
      <object_component id="oc-49e">
         <name>.debug_info</name>
         <load_address>0xbed2</load_address>
         <run_address>0xbed2</run_address>
         <size>0x1b0</size>
         <input_file_ref idref="fl-73"/>
      </object_component>
      <object_component id="oc-67d">
         <name>.debug_info</name>
         <load_address>0xc082</load_address>
         <run_address>0xc082</run_address>
         <size>0x2c</size>
         <input_file_ref idref="fl-73"/>
      </object_component>
      <object_component id="oc-475">
         <name>.debug_info</name>
         <load_address>0xc0ae</load_address>
         <run_address>0xc0ae</run_address>
         <size>0x2c</size>
         <input_file_ref idref="fl-73"/>
      </object_component>
      <object_component id="oc-474">
         <name>.debug_info</name>
         <load_address>0xc0da</load_address>
         <run_address>0xc0da</run_address>
         <size>0x17c</size>
         <input_file_ref idref="fl-75"/>
      </object_component>
      <object_component id="oc-408">
         <name>.debug_info</name>
         <load_address>0xc256</load_address>
         <run_address>0xc256</run_address>
         <size>0x191</size>
         <input_file_ref idref="fl-75"/>
      </object_component>
      <object_component id="oc-73b">
         <name>.debug_info</name>
         <load_address>0xc3e7</load_address>
         <run_address>0xc3e7</run_address>
         <size>0xa5</size>
      </object_component>
      <object_component id="oc-6b3">
         <name>.debug_line</name>
         <load_address>0x0</load_address>
         <run_address>0x0</run_address>
         <size>0x2cf</size>
         <input_file_ref idref="fl-2"/>
      </object_component>
      <object_component id="oc-675">
         <name>.debug_line</name>
         <load_address>0x2cf</load_address>
         <run_address>0x2cf</run_address>
         <size>0x34</size>
         <input_file_ref idref="fl-2"/>
      </object_component>
      <object_component id="oc-6ca">
         <name>.debug_line</name>
         <load_address>0x303</load_address>
         <run_address>0x303</run_address>
         <size>0x34</size>
         <input_file_ref idref="fl-2"/>
      </object_component>
      <object_component id="oc-6b1">
         <name>.debug_line</name>
         <load_address>0x337</load_address>
         <run_address>0x337</run_address>
         <size>0x34</size>
         <input_file_ref idref="fl-2"/>
      </object_component>
      <object_component id="oc-69b">
         <name>.debug_line</name>
         <load_address>0x36b</load_address>
         <run_address>0x36b</run_address>
         <size>0x34</size>
         <input_file_ref idref="fl-2"/>
      </object_component>
      <object_component id="oc-6a1">
         <name>.debug_line</name>
         <load_address>0x39f</load_address>
         <run_address>0x39f</run_address>
         <size>0x34</size>
         <input_file_ref idref="fl-2"/>
      </object_component>
      <object_component id="oc-6aa">
         <name>.debug_line</name>
         <load_address>0x3d3</load_address>
         <run_address>0x3d3</run_address>
         <size>0x34</size>
         <input_file_ref idref="fl-2"/>
      </object_component>
      <object_component id="oc-4e0">
         <name>.debug_line</name>
         <load_address>0x407</load_address>
         <run_address>0x407</run_address>
         <size>0x9b</size>
         <input_file_ref idref="fl-2"/>
      </object_component>
      <object_component id="oc-51f">
         <name>.debug_line</name>
         <load_address>0x4a2</load_address>
         <run_address>0x4a2</run_address>
         <size>0x6d</size>
         <input_file_ref idref="fl-2"/>
      </object_component>
      <object_component id="oc-504">
         <name>.debug_line</name>
         <load_address>0x50f</load_address>
         <run_address>0x50f</run_address>
         <size>0x55</size>
         <input_file_ref idref="fl-2"/>
      </object_component>
      <object_component id="oc-61e">
         <name>.debug_line</name>
         <load_address>0x564</load_address>
         <run_address>0x564</run_address>
         <size>0x78</size>
         <input_file_ref idref="fl-2"/>
      </object_component>
      <object_component id="oc-692">
         <name>.debug_line</name>
         <load_address>0x5dc</load_address>
         <run_address>0x5dc</run_address>
         <size>0x76</size>
         <input_file_ref idref="fl-2"/>
      </object_component>
      <object_component id="oc-659">
         <name>.debug_line</name>
         <load_address>0x652</load_address>
         <run_address>0x652</run_address>
         <size>0x7d</size>
         <input_file_ref idref="fl-2"/>
      </object_component>
      <object_component id="oc-619">
         <name>.debug_line</name>
         <load_address>0x6cf</load_address>
         <run_address>0x6cf</run_address>
         <size>0x78</size>
         <input_file_ref idref="fl-2"/>
      </object_component>
      <object_component id="oc-492">
         <name>.debug_line</name>
[...]
      </symbol>
      <symbol id="sm-31d">
         <name>UCB0IFG_H</name>
         <value>0x66d</value>
      </symbol>
      <symbol id="sm-31e">
         <name>UCB0IV</name>
         <value>0x66e</value>
      </symbol>
      <symbol id="sm-31f">
         <name>WDTCTL</name>
         <value>0x15c</value>
      </symbol>
      <symbol id="sm-320">
         <name>WDTCTL_L</name>
         <value>0x15c</value>
      </symbol>
      <symbol id="sm-321">
         <name>WDTCTL_H</name>
         <value>0x15d</value>
      </symbol>
      <symbol id="sm-322">
         <name>fram_rw_start</name>
         <value>0x4400</value>
      </symbol>
      <symbol id="sm-323">
         <name>fram_ro_start</name>
         <value>0x4400</value>
      </symbol>
      <symbol id="sm-324">
         <name>fram_ipe_start</name>
         <value>0x4800</value>
      </symbol>
      <symbol id="sm-325">
         <name>fram_ipe_end</name>
         <value>0x4800</value>
      </symbol>
      <symbol id="sm-326">
         <name>fram_rx_start</name>
         <value>0x4800</value>
      </symbol>
      <symbol id="sm-327">
         <name>__TI_CINIT_Base</name>
         <value>0x441c</value>
      </symbol>
      <symbol id="sm-328">
         <name>__TI_CINIT_Limit</name>
         <value>0x442c</value>
      </symbol>
      <symbol id="sm-329">
         <name>__TI_Handler_Table_Base</name>
         <value>0x4400</value>
      </symbol>
      <symbol id="sm-32a">
         <name>__TI_Handler_Table_Limit</name>
         <value>0x440c</value>
      </symbol>
      <symbol id="sm-32b">
         <name>__STACK_SIZE</name>
         <value>0xa0</value>
      </symbol>
      <symbol id="sm-32c">
         <name>__STACK_END</name>
         <value>0x2400</value>
      </symbol>
      <symbol id="sm-32d">
         <name>__c_args__</name>
         <value>0xffffffff</value>
      </symbol>
      <symbol id="sm-32e">
         <name>__TI_pprof_out_hndl</name>
         <value>0xffffffff</value>
      </symbol>
      <symbol id="sm-32f">
         <name>__TI_prof_data_start</name>
         <value>0xffffffff</value>
      </symbol>
      <symbol id="sm-330">
         <name>__TI_prof_data_size</name>
         <value>0xffffffff</value>
      </symbol>
      <symbol id="sm-3ed">
         <name>FRAM_TEMP_write_ptr</name>
         <value>0x1c0c</value>
      </symbol>
      <symbol id="sm-3ee">
         <name>FRAM_BAT_write_ptr</name>
         <value>0x1c08</value>
      </symbol>
      <symbol id="sm-3ef">
         <name>storageDone</name>
         <value>0x1c10</value>
      </symbol>
      <symbol id="sm-3f0">
         <name>FRAM_index_ptr</name>
         <value>0x1c20</value>
         <object_component_ref idref="oc-5f6"/>
      </symbol>
      <symbol id="sm-3f1">
         <name>timeStamp</name>
         <value>0xf002</value>
         <object_component_ref idref="oc-670"/>
      </symbol>
      <symbol id="sm-3f2">
         <name>storeTimeStamp</name>
         <value>0x5584</value>
         <object_component_ref idref="oc-500"/>
      </symbol>
      <symbol id="sm-3f3">
         <name>framLog</name>
         <value>0x4800</value>
         <object_component_ref idref="oc-4dc"/>
      </symbol>
      <symbol id="sm-3f4">
         <name>transmitFRAMData</name>
         <value>0x4bda</value>
         <object_component_ref idref="oc-51b"/>
      </symbol>
      <symbol id="sm-3f5">
         <name>dataArray</name>
         <value>0x9000</value>
         <object_component_ref idref="oc-506"/>
      </symbol>
      <symbol id="sm-48b">
         <name>calendar</name>
         <value>0x1c00</value>
      </symbol>
      <symbol id="sm-48c">
         <name>__TI_int39</name>
         <value>0xffde</value>
         <object_component_ref idref="oc-7f"/>
      </symbol>
      <symbol id="sm-48d">
         <name>Init_GPIO</name>
         <value>0x4e0a</value>
         <object_component_ref idref="oc-4c4"/>
      </symbol>
      <symbol id="sm-48e">
         <name>__TI_int48</name>
         <value>0xfff0</value>
         <object_component_ref idref="oc-88"/>
      </symbol>
      <symbol id="sm-48f">
         <name>__TI_int46</name>
         <value>0xffec</value>
         <object_component_ref idref="oc-86"/>
      </symbol>
      <symbol id="sm-490">
         <name>__TI_int45</name>
         <value>0xffea</value>
         <object_component_ref idref="oc-85"/>
      </symbol>
      <symbol id="sm-491">
         <name>sendTimeStamp</name>
         <value>0x536c</value>
         <object_component_ref idref="oc-515"/>
      </symbol>
      <symbol id="sm-492">
         <name>Port_1</name>
         <value>0x58da</value>
         <object_component_ref idref="oc-418"/>
      </symbol>
      <symbol id="sm-493">
         <name>ADC12_ISR</name>
         <value>0x569e</value>
         <object_component_ref idref="oc-424"/>
      </symbol>
      <symbol id="sm-494">
         <name>USCI_A0_ISR</name>
         <value>0x5672</value>
         <object_component_ref idref="oc-42a"/>
      </symbol>
      <symbol id="sm-495">
         <name>Init_Clock</name>
         <value>0x5454</value>
         <object_component_ref idref="oc-4e8"/>
      </symbol>
      <symbol id="sm-496">
         <name>RXData</name>
         <value>0x1c1a</value>
         <object_component_ref idref="oc-482"/>
      </symbol>
      <symbol id="sm-497">
         <name>enterLPM35</name>
         <value>0x55b8</value>
         <object_component_ref idref="oc-509"/>
      </symbol>
      <symbol id="sm-498">
         <name>main</name>
         <value>0x4a26</value>
         <object_component_ref idref="oc-457"/>
      </symbol>
      <symbol id="sm-499">
         <name>pingHost</name>
         <value>0x1c1e</value>
         <object_component_ref idref="oc-482"/>
      </symbol>
      <symbol id="sm-49a">
         <name>sendAckToPC</name>
         <value>0x5496</value>
         <object_component_ref idref="oc-4f4"/>
      </symbol>
      <symbol id="sm-49b">
         <name>Init_UART</name>
         <value>0x50f8</value>
         <object_component_ref idref="oc-4ee"/>
      </symbol>
      <symbol id="sm-49c">
         <name>mode</name>
         <value>0x1c1c</value>
         <object_component_ref idref="oc-482"/>
      </symbol>
      <symbol id="sm-49d">
         <name>sendCalibrationConstants</name>
         <value>0x516a</value>
         <object_component_ref idref="oc-50f"/>
      </symbol>
      <symbol id="sm-49e">
         <name>Init_RTC</name>
         <value>0x530c</value>
         <object_component_ref idref="oc-4d6"/>
      </symbol>
      <symbol id="sm-49f">
         <name>_system_pre_init</name>
         <value>0x5948</value>
         <object_component_ref idref="oc-437"/>
      </symbol>
      <symbol id="sm-4a0">
         <name>TIMER0_A0_ISR</name>
         <value>0x5970</value>
         <object_component_ref idref="oc-41e"/>
      </symbol>
      <symbol id="sm-4dd">
         <name>ADC12_B_configureMemory</name>
         <value>0x53be</value>
         <object_component_ref idref="oc-5b1"/>
      </symbol>
      <symbol id="sm-4de">
         <name>ADC12_B_init</name>
         <value>0x4d72</value>
         <object_component_ref idref="oc-59c"/>
      </symbol>
      <symbol id="sm-4df">
         <name>ADC12_B_enable</name>
         <value>0x5918</value>
         <object_component_ref idref="oc-5a2"/>
      </symbol>
      <symbol id="sm-4e0">
         <name>ADC12_B_clearInterrupt</name>
         <value>0x587c</value>
         <object_component_ref idref="oc-5b7"/>
      </symbol>
      <symbol id="sm-4e1">
         <name>ADC12_B_disable</name>
         <value>0x590c</value>
         <object_component_ref idref="oc-5f0"/>
      </symbol>
      <symbol id="sm-4e2">
         <name>ADC12_B_setupSamplingTimer</name>
         <value>0x56c8</value>
         <object_component_ref idref="oc-5a8"/>
      </symbol>
      <symbol id="sm-4e3">
         <name>ADC12_B_enableInterrupt</name>
         <value>0x56ee</value>
         <object_component_ref idref="oc-5bd"/>
      </symbol>
      <symbol id="sm-4e4">
         <name>ADC12_B_startConversion</name>
         <value>0x54d8</value>
         <object_component_ref idref="oc-5ea"/>
      </symbol>
      <symbol id="sm-517">
         <name>CS_turnOnLFXT</name>
         <value>0x5516</value>
         <object_component_ref idref="oc-633"/>
      </symbol>
      <symbol id="sm-518">
         <name>CS_setDCOFreq</name>
         <value>0x58a4</value>
         <object_component_ref idref="oc-621"/>
      </symbol>
      <symbol id="sm-519">
         <name>CS_setExternalClockSource</name>
         <value>0x58b6</value>
         <object_component_ref idref="oc-627"/>
      </symbol>
      <symbol id="sm-51a">
         <name>CS_initClockSignal</name>
         <value>0x5242</value>
         <object_component_ref idref="oc-62d"/>
      </symbol>
      <symbol id="sm-55a">
         <name>EUSCI_A_UART_enableInterrupt</name>
         <value>0x5736</value>
         <object_component_ref idref="oc-64f"/>
      </symbol>
      <symbol id="sm-55b">
         <name>EUSCI_A_UART_queryStatusFlags</name>
         <value>0x5954</value>
         <object_component_ref idref="oc-667"/>
      </symbol>
      <symbol id="sm-55c">
         <name>EUSCI_A_UART_init</name>
         <value>0x4cd8</value>
         <object_component_ref idref="oc-63d"/>
      </symbol>
      <symbol id="sm-55d">
         <name>EUSCI_A_UART_enable</name>
         <value>0x5980</value>
         <object_component_ref idref="oc-643"/>
      </symbol>
      <symbol id="sm-55e">
         <name>EUSCI_A_UART_receiveData</name>
         <value>0x577a</value>
         <object_component_ref idref="oc-488"/>
      </symbol>
      <symbol id="sm-55f">
         <name>EUSCI_A_UART_clearInterrupt</name>
         <value>0x58fe</value>
         <object_component_ref idref="oc-649"/>
      </symbol>
      <symbol id="sm-560">
         <name>EUSCI_A_UART_transmitData</name>
         <value>0x5758</value>
         <object_component_ref idref="oc-661"/>
      </symbol>
      <symbol id="sm-5c6">
         <name>GPIO_clearInterrupt</name>
         <value>0x57ba</value>
         <object_component_ref idref="oc-4e2"/>
      </symbol>
      <symbol id="sm-5c7">
         <name>GPIO_setOutputHighOnPin</name>
         <value>0x57f6</value>
         <object_component_ref idref="oc-4ca"/>
      </symbol>
      <symbol id="sm-5c8">
         <name>GPIO_selectInterruptEdge</name>
         <value>0x55ea</value>
         <object_component_ref idref="oc-5fd"/>
      </symbol>
      <symbol id="sm-5c9">
         <name>GPIO_setAsInputPinWithPullUpResistor</name>
         <value>0x540a</value>
         <object_component_ref idref="oc-603"/>
      </symbol>
      <symbol id="sm-5ca">
         <name>GPIO_enableInterrupt</name>
         <value>0x57d8</value>
         <object_component_ref idref="oc-609"/>
      </symbol>
      <symbol id="sm-5cb">
         <name>GPIO_setAsOutputPin</name>
         <value>0x5550</value>
         <object_component_ref idref="oc-55f"/>
      </symbol>
      <symbol id="sm-5cc">
         <name>GPIO_setOutputLowOnPin</name>
         <value>0x5812</value>
         <object_component_ref idref="oc-4fa"/>
      </symbol>
      <symbol id="sm-5cd">
         <name>GPIO_toggleOutputOnPin</name>
         <value>0x582e</value>
         <object_component_ref idref="oc-4d0"/>
      </symbol>
      <symbol id="sm-5ce">
         <name>GPIO_setAsPeripheralModuleFunctionOutputPin</name>
         <value>0x5086</value>
         <object_component_ref idref="oc-65b"/>
      </symbol>
      <symbol id="sm-5cf">
         <name>GPIO_setAsPeripheralModuleFunctionInputPin</name>
         <value>0x5014</value>
         <object_component_ref idref="oc-565"/>
      </symbol>
      <symbol id="sm-5e2">
         <name>PMM_unlockLPM5</name>
         <value>0x5986</value>
         <object_component_ref idref="oc-56b"/>
      </symbol>
      <symbol id="sm-5e3">
         <name>PMM_turnOffRegulator</name>
         <value>0x58c8</value>
         <object_component_ref idref="oc-60f"/>
      </symbol>
      <symbol id="sm-602">
         <name>Ref_A_enableReferenceVoltage</name>
         <value>0x598c</value>
         <object_component_ref idref="oc-5d5"/>
      </symbol>
      <symbol id="sm-603">
         <name>Ref_A_setReferenceVoltage</name>
         <value>0x593c</value>
         <object_component_ref idref="oc-5cf"/>
      </symbol>
      <symbol id="sm-604">
         <name>Ref_A_enableTempSensor</name>
         <value>0x5992</value>
         <object_component_ref idref="oc-5c9"/>
      </symbol>
      <symbol id="sm-605">
         <name>Ref_A_isRefGenBusy</name>
         <value>0x595e</value>
         <object_component_ref idref="oc-5c3"/>
      </symbol>
      <symbol id="sm-633">
         <name>RTC_B_initCalendar</name>
         <value>0x51da</value>
         <object_component_ref idref="oc-57a"/>
      </symbol>
      <symbol id="sm-634">
         <name>RTC_B_startClock</name>
         <value>0x5930</value>
         <object_component_ref idref="oc-592"/>
      </symbol>
      <symbol id="sm-635">
         <name>RTC_B_enableInterrupt</name>
         <value>0x5618</value>
         <object_component_ref idref="oc-58c"/>
      </symbol>
      <symbol id="sm-636">
         <name>RTC_B_clearInterrupt</name>
         <value>0x5646</value>
         <object_component_ref idref="oc-586"/>
      </symbol>
      <symbol id="sm-637">
         <name>RTC_B_setCalendarEvent</name>
         <value>0x5924</value>
         <object_component_ref idref="oc-580"/>
      </symbol>
      <symbol id="sm-650">
         <name>Timer_A_initUpMode</name>
         <value>0x4f22</value>
         <object_component_ref idref="oc-5de"/>
      </symbol>
      <symbol id="sm-651">
         <name>Timer_A_stop</name>
         <value>0x5968</value>
         <object_component_ref idref="oc-5e4"/>
      </symbol>
      <symbol id="sm-65c">
         <name>WDT_A_hold</name>
         <value>0x579a</value>
         <object_component_ref idref="oc-496"/>
      </symbol>
      <symbol id="sm-67a">
         <name>__TI_decompress_lzss</name>
         <value>0x4f9e</value>
         <object_component_ref idref="oc-6a"/>
      </symbol>
      <symbol id="sm-690">
         <name>__TI_decompress_none</name>
         <value>0x58ec</value>
         <object_component_ref idref="oc-70"/>
      </symbol>
      <symbol id="sm-693">
         <name>__TI_int30</name>
         <value>0xffcc</value>
         <object_component_ref idref="oc-76"/>
      </symbol>
      <symbol id="sm-69b">
         <name>__TI_ISR_TRAP</name>
         <value>0x5978</value>
         <object_component_ref idref="oc-413"/>
      </symbol>
      <symbol id="sm-69e">
         <name>__TI_int31</name>
         <value>0xffce</value>
         <object_component_ref idref="oc-77"/>
      </symbol>
      <symbol id="sm-6a1">
         <name>__TI_int32</name>
         <value>0xffd0</value>
         <object_component_ref idref="oc-78"/>
      </symbol>
      <symbol id="sm-6a4">
         <name>__TI_int33</name>
         <value>0xffd2</value>
         <object_component_ref idref="oc-79"/>
      </symbol>
      <symbol id="sm-6a7">
         <name>__TI_int34</name>
         <value>0xffd4</value>
         <object_component_ref idref="oc-7a"/>
      </symbol>
      <symbol id="sm-6aa">
         <name>__TI_int35</name>
         <value>0xffd6</value>
         <object_component_ref idref="oc-7b"/>
      </symbol>
      <symbol id="sm-6ad">
         <name>__TI_int36</name>
         <value>0xffd8</value>
         <object_component_ref idref="oc-7c"/>
      </symbol>
      <symbol id="sm-6b0">
         <name>__TI_int37</name>
         <value>0xffda</value>
         <object_component_ref idref="oc-7d"/>
      </symbol>
      <symbol id="sm-6b3">
         <name>__TI_int38</name>
         <value>0xffdc</value>
         <object_component_ref idref="oc-7e"/>
      </symbol>
      <symbol id="sm-6b6">
         <name>__TI_int40</name>
         <value>0xffe0</value>
         <object_component_ref idref="oc-80"/>
      </symbol>
      <symbol id="sm-6b9">
         <name>__TI_int41</name>
         <value>0xffe2</value>
         <object_component_ref idref="oc-81"/>
      </symbol>
      <symbol id="sm-6bc">
         <name>__TI_int42</name>
         <value>0xffe4</value>
         <object_component_ref idref="oc-82"/>
      </symbol>
      <symbol id="sm-6bf">
         <name>__TI_int43</name>
         <value>0xffe6</value>
         <object_component_ref idref="oc-83"/>
      </symbol>
      <symbol id="sm-6c2">
         <name>__TI_int44</name>
         <value>0xffe8</value>
         <object_component_ref idref="oc-84"/>
      </symbol>
      <symbol id="sm-6c5">
         <name>__TI_int47</name>
         <value>0xffee</value>
         <object_component_ref idref="oc-87"/>
      </symbol>
      <symbol id="sm-6c8">
         <name>__TI_int49</name>
         <value>0xfff2</value>
         <object_component_ref idref="oc-89"/>
      </symbol>
      <symbol id="sm-6cb">
         <name>__TI_int50</name>
         <value>0xfff4</value>
         <object_component_ref idref="oc-8a"/>
      </symbol>
      <symbol id="sm-6ce">
         <name>__TI_int51</name>
         <value>0xfff6</value>
         <object_component_ref idref="oc-8b"/>
      </symbol>
      <symbol id="sm-6d1">
         <name>__TI_int52</name>
         <value>0xfff8</value>
         <object_component_ref idref="oc-8c"/>
      </symbol>
      <symbol id="sm-6d4">
         <name>__TI_int53</name>
         <value>0xfffa</value>
         <object_component_ref idref="oc-8d"/>
      </symbol>
      <symbol id="sm-6d7">
         <name>__TI_int54</name>
         <value>0xfffc</value>
         <object_component_ref idref="oc-8e"/>
      </symbol>
      <symbol id="sm-6ea">
         <name>__TI_zero_init</name>
         <value>0x5712</value>
         <object_component_ref idref="oc-8f"/>
      </symbol>
      <symbol id="sm-6f6">
         <name>__mspabi_mpyi_f5hw</name>
         <value>0x5864</value>
         <object_component_ref idref="oc-530"/>
      </symbol>
      <symbol id="sm-703">
         <name>_stack</name>
         <value>0x2360</value>
         <object_component_ref idref="oc-3f7"/>
      </symbol>
      <symbol id="sm-704">
         <name>_reset_vector</name>
         <value>0xfffe</value>
         <object_component_ref idref="oc-3fa"/>
      </symbol>
      <symbol id="sm-727">
         <name>_auto_init_hold_wdt</name>
         <value>0x4ea0</value>
         <object_component_ref idref="oc-43d"/>
      </symbol>
      <symbol id="sm-731">
         <name>_c_int00_noargs_noexit</name>
         <value>0x584a</value>
         <object_component_ref idref="oc-ad"/>
      </symbol>
      <symbol id="sm-73b">
         <name>_system_post_cinit</name>
         <value>0x599e</value>
         <object_component_ref idref="oc-4a3"/>
      </symbol>
      <symbol id="sm-745">
         <name>C$$EXIT</name>
         <value>0x5998</value>
         <object_component_ref idref="oc-45f"/>
      </symbol>
      <symbol id="sm-746">
         <name>abort</name>
         <value>0x5998</value>
         <object_component_ref idref="oc-45f"/>
      </symbol>
      <symbol id="sm-763">
         <name>copy_in</name>
         <value>0x52a8</value>
         <object_component_ref idref="oc-49d"/>
      </symbol>
      <symbol id="sm-772">
         <name>memcpy</name>
         <value>0x5890</value>
         <object_component_ref idref="oc-406"/>
      </symbol>
      <symbol id="sm-774">
         <name>__TI_BINIT_Base</name>
         <value>0x0</value>
      </symbol>
      <symbol id="sm-775">
         <name>__TI_BINIT_Limit</name>
         <value>0x0</value>
      </symbol>
      <symbol id="sm-776">
         <name>__TI_INITARRAY_Base</name>
         <value>0x0</value>
      </symbol>
      <symbol id="sm-777">
         <name>__TI_INITARRAY_Limit</name>
         <value>0x0</value>
      </symbol>
   </symbol_table>
   <title>Link successful</title>
</link_info>
